> #The package olsrr in R performs model selection method
> #See the manual at https://cran.r-project.org/web/packages/olsrr/olsrr.pdf 
> #See an example at https://cran.r-project.org/web/packages/olsrr/vignettes/variable_selection.html
> 
> #R code to demonstrate Variable Selection: stepwise and all possible
> #will perform stepwise (forward, backward, stepwise)
> #and all possible regressions  k=7 so 2**7 = 128 possible regressions
> 
> #this site below has a useful tutorial on Variable Selection in R
> #https://rpubs.com/davoodastaraky/subset
> 
> if (FALSE)
+ {"
+ Measuring body fat is not so simple.  Hydrostatic underwater weighing is a method of determining body composition (body fat to lean mass).
+ Obtain a person's total body density by submerging the body underwater in a tank and measuring the displacement.
+ Considered the gold standard for body composition assessment. More sophisticated methods may make underwater weighing obsolete in the near future.
+ n=252 men  - Brozek's equation was applied to each man's hydrostatic underwater weighing results to accurately estimate their percentage of body fat.
+ "}
> 
> library(faraway)  #this command brings in a library of regression functions
> 
> #install.packages("olsrr")  #install olsrr if package has not been installed on your computer
> #Because R is developed by an open source community, it is not uncommon
> # that multiple packages may use the same name for a function or dataset.
> # If you load packages that use the same name for an object, R will warn
> # that certain object(s) have been “masked”.
> require(olsrr)
> 
> data(fat,package="faraway")
> #Can we predict body fat using only easy-to-record measurements?
> #A subset of 9 variables was selected from the 13 variables in the full dataset  2^13 = 8192 possible regressions  2^9 = 512
> 
> lmod <- lm(brozek ~ weight + height + chest + abdom + knee + ankle + biceps + forearm + wrist, data=fat)
> 
> x <- model.matrix(lmod)
> head(x)
  (Intercept) weight height chest abdom knee ankle biceps forearm wrist
1           1 154.25  67.75  93.1  85.2 37.3  21.9   32.0    27.4  17.1
2           1 173.25  72.25  93.6  83.0 37.3  23.4   30.5    28.9  18.2
3           1 154.00  66.25  95.8  87.9 38.9  24.0   28.8    25.2  16.6
4           1 184.75  72.25 101.8  86.4 37.3  22.8   32.4    29.4  18.2
5           1 184.25  71.25  97.3 100.0 42.2  24.0   32.2    27.7  17.7
6           1 210.25  74.75 104.5  94.4 42.0  25.6   35.7    30.6  18.8
> head(fat$brozek)
[1] 12.6  6.9 24.6 10.9 27.8 20.6
> 
> #save graph in pdf
>  pdf(file="C:/Users/jmard/Desktop/Computing and Graphics in Applied Statistics2020/Lecture 16 24Mar2020/FatModelSelection_Graph.pdf")
> 
> #best subset regregression
> k <- ols_step_best_subset(lmod,print_plot = TRUE)
> k
                        Best Subsets Regression                         
------------------------------------------------------------------------
Model Index    Predictors
------------------------------------------------------------------------
     1         abdom                                                     
     2         weight abdom                                              
     3         weight abdom wrist                                        
     4         weight abdom forearm wrist                                
     5         weight abdom biceps forearm wrist                         
     6         weight abdom ankle biceps forearm wrist                   
     7         weight abdom knee ankle biceps forearm wrist              
     8         weight height abdom knee ankle biceps forearm wrist       
     9         weight height chest abdom knee ankle biceps forearm wrist 
------------------------------------------------------------------------

                                                      Subsets Regression Summary                                                      
--------------------------------------------------------------------------------------------------------------------------------------
                       Adj.        Pred                                                                                                
Model    R-Square    R-Square    R-Square     C(p)         AIC         SBIC         SBC         MSEP         FPE       HSP       APC  
--------------------------------------------------------------------------------------------------------------------------------------
  1        0.6621      0.6608       0.652    65.7980    1478.8012    762.7909    1489.3895    5135.6918    20.5415    0.0818    0.3433 
  2        0.7187      0.7165      0.7092    15.2244    1434.5921    719.2327    1448.7098    4292.4992    17.2362    0.0687    0.2881 
  3        0.7276      0.7243      0.7148     9.0240    1428.5544    713.3770    1446.2015    4174.5801    16.8282    0.0671    0.2812 
  4        0.7351      0.7308      0.7209     4.0106    1423.4707    708.5680    1444.6473    4075.3672    16.4922    0.0657    0.2756 
  5        0.7368      0.7315      0.7208     4.4006    1423.8162    709.0423    1448.5222    4065.2225    16.5148    0.0658    0.2760 
  6        0.7380      0.7316      0.7175     5.2875    1424.6659    710.0197    1452.9013    4063.2933    16.5707    0.0661    0.2769 
  7        0.7387      0.7312       0.716     6.6430    1425.9974    711.4664    1457.7623    4069.2060    16.6586    0.0664    0.2784 
  8        0.7394      0.7308      0.7145     8.0240    1427.3537    712.9472    1462.6479    4075.5963    16.7487    0.0668    0.2799 
  9        0.7394      0.7297      0.7111    10.0000    1429.3287    715.0067    1468.1524    4092.1019    16.8806    0.0674    0.2821 
--------------------------------------------------------------------------------------------------------------------------------------
AIC: Akaike Information Criteria 
 SBIC: Sawa's Bayesian Information Criteria 
 SBC: Schwarz Bayesian Criteria 
 MSEP: Estimated error of prediction, assuming multivariate normality 
 FPE: Final Prediction Error 
 HSP: Hocking's Sp 
 APC: Amemiya Prediction Criteria 

> plot(k)
> 
> #all possible regressions
> 
> #all possible regressions
> k <- ols_step_all_possible(lmod)
> k
    Index N                                                Predictors    R-Square Adj. R-Square Mallow's Cp
4       1 1                                                     abdom 0.662117815   0.660766286   65.798010
3       2 1                                                     chest 0.494047542   0.492023732  221.888267
1       3 1                                                    weight 0.375960415   0.373464257  331.558167
5       4 1                                                      knee 0.257846494   0.254877880  441.252951
7       5 1                                                    biceps 0.243079455   0.240051773  454.967398
8       6 1                                                   forearm 0.131970500   0.128498382  558.156529
9       7 1                                                     wrist 0.120806821   0.117290048  568.524463
6       8 1                                                     ankle 0.071172933   0.067457625  614.620458
2       9 1                                                    height 0.007939953   0.003971713  673.346204
12     10 2                                              weight abdom 0.718726453   0.716467228   15.224424
35     11 2                                               abdom wrist 0.702037271   0.699643996   30.724004
19     12 2                                              height abdom 0.688097767   0.685592528   43.669904
31     13 2                                                abdom knee 0.680680814   0.678116001   50.558178
32     14 2                                               abdom ankle 0.675213317   0.672604588   55.635953
25     15 2                                               chest abdom 0.673229012   0.670604345   57.478817
33     16 2                                              abdom biceps 0.669917620   0.667266356   60.554174
34     17 2                                             abdom forearm 0.664985580   0.662294701   65.134659
18     18 2                                              height chest 0.528500967   0.524713826  191.890676
30     19 2                                               chest wrist 0.518081409   0.514210576  201.567530
27     20 2                                               chest ankle 0.500941361   0.496932858  217.485838
29     21 2                                             chest forearm 0.497034875   0.492994994  221.113871
11     22 2                                              weight chest 0.495224259   0.491169835  222.795426
28     23 2                                              chest biceps 0.494783746   0.490725784  223.204540
26     24 2                                                chest knee 0.494056362   0.489992558  223.880076
10     25 2                                             weight height 0.461439914   0.457114130  254.171630
17     26 2                                              weight wrist 0.397308375   0.392467479  313.731885
14     27 2                                              weight ankle 0.395195202   0.390337332  315.694432
16     28 2                                            weight forearm 0.376853105   0.371847909  332.729108
13     29 2                                               weight knee 0.376825089   0.371819668  332.755126
15     30 2                                             weight biceps 0.375974516   0.370962263  333.545071
20     31 2                                               height knee 0.317666012   0.312185418  387.697357
37     32 2                                               knee biceps 0.298673503   0.293040359  405.336083
22     33 2                                             height biceps 0.281433354   0.275661734  421.347358
38     34 2                                              knee forearm 0.267341788   0.261456983  434.434480
36     35 2                                                knee ankle 0.260909095   0.254972622  440.408652
39     36 2                                                knee wrist 0.258030811   0.252071219  443.081772
44     37 2                                              biceps wrist 0.245227766   0.239165338  454.972219
43     38 2                                            biceps forearm 0.244623735   0.238556456  455.533195
40     39 2                                              ankle biceps 0.244085044   0.238013438  456.033488
24     40 2                                              height wrist 0.165904770   0.159205210  528.641087
23     41 2                                            height forearm 0.163248047   0.156527148  531.108439
45     42 2                                             forearm wrist 0.159641593   0.152891726  534.457826
41     43 2                                             ankle forearm 0.147887545   0.141043268  545.374048
42     44 2                                               ankle wrist 0.128016496   0.121012613  563.828692
21     45 2                                              height ankle 0.098611481   0.091371413  591.137724
63     46 3                                        weight abdom wrist 0.727556314   0.724260624    9.023954
62     47 3                                      weight abdom forearm 0.722744754   0.719390860   13.492547
61     48 3                                       weight abdom biceps 0.722180586   0.718819868   14.016501
47     49 3                                       weight height abdom 0.721038425   0.717663890   15.077249
59     50 3                                         weight abdom knee 0.719147975   0.715750572   16.832948
60     51 3                                        weight abdom ankle 0.718817257   0.715415853   17.140093
53     52 3                                        weight chest abdom 0.718728018   0.715325534   17.222971
84     53 3                                        height abdom wrist 0.711787772   0.708301334   23.668517
113    54 3                                          abdom knee wrist 0.706014092   0.702457811   29.030650
99     55 3                                         chest abdom wrist 0.704429999   0.700854556   30.501830
116    56 3                                         abdom ankle wrist 0.703339899   0.699751268   31.514228
119    57 3                                       abdom forearm wrist 0.702912526   0.699318726   31.911137
118    58 3                                        abdom biceps wrist 0.702324230   0.698723313   32.457500
80     59 3                                         height abdom knee 0.695867949   0.692188932   38.453579
74     60 3                                        height chest abdom 0.695195198   0.691508043   39.078376
81     61 3                                        height abdom ankle 0.693886704   0.690183721   40.293601
82     62 3                                       height abdom biceps 0.691313482   0.687579371   42.683404
83     63 3                                      height abdom forearm 0.688476616   0.684708188   45.318059
95     64 3                                          chest abdom knee 0.687781549   0.684004713   45.963582
110    65 3                                          abdom knee ankle 0.684069172   0.680247428   49.411341
111    66 3                                         abdom knee biceps 0.682529391   0.678689021   50.841367
96     67 3                                         chest abdom ankle 0.682480310   0.678639346   50.886950
112    68 3                                        abdom knee forearm 0.680801339   0.676940065   52.446244
114    69 3                                        abdom ankle biceps 0.678787086   0.674901446   54.316921
97     70 3                                        chest abdom biceps 0.676304638   0.672388969   56.622420
115    71 3                                       abdom ankle forearm 0.675889107   0.671968411   57.008333
98     72 3                                       chest abdom forearm 0.673569730   0.669620976   59.162385
117    73 3                                      abdom biceps forearm 0.669981284   0.665989122   62.495047
79     74 3                                        height chest wrist 0.538914245   0.533336595  184.219654
75     75 3                                         height chest knee 0.531648927   0.525983390  190.967101
46     76 3                                       weight height chest 0.530882640   0.525207833  191.678768
76     77 3                                        height chest ankle 0.530218269   0.524535426  192.295782
78     78 3                                      height chest forearm 0.528918180   0.523219610  193.503201
77     79 3                                       height chest biceps 0.528509116   0.522805597  193.883107
103    80 3                                          chest knee wrist 0.522131788   0.516351124  199.805861
58     81 3                                        weight chest wrist 0.519167901   0.513351384  202.558482
106    82 3                                         chest ankle wrist 0.518793554   0.512972509  202.906146
108    83 3                                        chest biceps wrist 0.518455998   0.512630869  203.219641
109    84 3                                       chest forearm wrist 0.518093803   0.512264292  203.556019
100    85 3                                          chest knee ankle 0.502818657   0.496804366  217.742356
105    86 3                                       chest ankle forearm 0.502481485   0.496463116  218.055494
104    87 3                                        chest ankle biceps 0.501020996   0.494984959  219.411880
55     88 3                                        weight chest ankle 0.500963871   0.494927144  219.464933
57     89 3                                      weight chest forearm 0.497376123   0.491295995  222.796947
102    90 3                                        chest knee forearm 0.497319199   0.491238383  222.849813
107    91 3                                      chest biceps forearm 0.497040376   0.490956187  223.108762
54     92 3                                         weight chest knee 0.496476573   0.490385564  223.632377
56     93 3                                       weight chest biceps 0.495366708   0.489262273  224.663131
101    94 3                                         chest knee biceps 0.494939494   0.488829891  225.059893
49     95 3                                       weight height ankle 0.473503735   0.467134829  244.967716
52     96 3                                       weight height wrist 0.472178092   0.465793149  246.198867
51     97 3                                     weight height forearm 0.461705633   0.455194007  255.924851
50     98 3                                      weight height biceps 0.461703819   0.455192172  255.926536
48     99 3                                        weight height knee 0.461691065   0.455179263  255.938381
70    100 3                                        weight ankle wrist 0.409258611   0.402112546  304.633459
72    101 3                                       weight biceps wrist 0.397749931   0.390464648  315.321803
67    102 3                                         weight knee wrist 0.397460406   0.390171620  315.590691
73    103 3                                      weight forearm wrist 0.397331766   0.390041425  315.710161
69    104 3                                      weight ankle forearm 0.395706590   0.388396590  317.219495
68    105 3                                       weight ankle biceps 0.395198792   0.387882648  317.691098
64    106 3                                         weight knee ankle 0.395195261   0.387879075  317.694377
66    107 3                                       weight knee forearm 0.377642424   0.370113905  333.996051
71    108 3                                     weight biceps forearm 0.377111426   0.369576484  334.489200
65    109 3                                        weight knee biceps 0.376836394   0.369298125  334.744627
86    110 3                                        height knee biceps 0.360451522   0.352715049  349.961589
87    111 3                                       height knee forearm 0.331894234   0.323812309  376.483320
88    112 3                                         height knee wrist 0.321227595   0.313016638  386.389643
85    113 3                                         height knee ankle 0.318371397   0.310125889  389.042251
120   114 3                                         knee ankle biceps 0.305101796   0.296695770  401.365997
124   115 3                                         knee biceps wrist 0.301838584   0.293393083  404.396609
123   116 3                                       knee biceps forearm 0.298679721   0.290196008  407.330309
93    117 3                                       height biceps wrist 0.291195162   0.282620910  414.281370
89    118 3                                       height ankle biceps 0.286411856   0.277779741  418.723723
92    119 3                                     height biceps forearm 0.285486862   0.276843558  419.582783
121   120 3                                        knee ankle forearm 0.271904055   0.263096443  432.197410
125   121 3                                        knee forearm wrist 0.267812393   0.258955285  435.997419
122   122 3                                          knee ankle wrist 0.261787316   0.252857324  441.593030
129   123 3                                      biceps forearm wrist 0.245989383   0.236868287  456.264889
127   124 3                                        ankle biceps wrist 0.245455829   0.236328278  456.760412
126   125 3                                      ankle biceps forearm 0.245323749   0.236194600  456.883078
94    126 3                                      height forearm wrist 0.209348953   0.199784626  490.293597
90    127 3                                      height ankle forearm 0.189806005   0.180005271  508.443528
91    128 3                                        height ankle wrist 0.177554743   0.167605808  519.821522
128   129 3                                       ankle forearm wrist 0.163195926   0.153073296  533.156845
175   130 4                                weight abdom forearm wrist 0.735107999   0.730818250    4.010552
174   131 4                                 weight abdom biceps wrist 0.732385909   0.728052078    6.538611
140   132 4                                 weight height abdom wrist 0.728908936   0.724518797    9.767747
169   133 4                                   weight abdom knee wrist 0.728524785   0.724128425   10.124516
172   134 4                                  weight abdom ankle wrist 0.728415561   0.724017432   10.225954
155   135 4                                  weight chest abdom wrist 0.727618792   0.723207761   10.965929
139   136 4                               weight height abdom forearm 0.724919287   0.720464539   13.473014
173   137 4                               weight abdom biceps forearm 0.724210783   0.719744560   14.131017
138   138 4                                weight height abdom biceps 0.723889229   0.719417800   14.429650
168   139 4                                 weight abdom knee forearm 0.723087753   0.718603344   15.173997
154   140 4                                weight chest abdom forearm 0.722905696   0.718418339   15.343077
171   141 4                                weight abdom ankle forearm 0.722820225   0.718331483   15.422456
167   142 4                                  weight abdom knee biceps 0.722655825   0.718164421   15.575137
170   143 4                                 weight abdom ankle biceps 0.722319777   0.717822931   15.887232
153   144 4                                 weight chest abdom biceps 0.722256186   0.717758310   15.946290
136   145 4                                  weight height abdom knee 0.721482699   0.716972298   16.664643
137   146 4                                 weight height abdom ankle 0.721122274   0.716606036   16.999377
130   147 4                                 weight height chest abdom 0.721080669   0.716563757   17.038016
166   148 4                                   weight abdom knee ankle 0.719178741   0.714631029   18.804375
151   149 4                                   weight chest abdom knee 0.719153007   0.714604878   18.828275
152   150 4                                  weight chest abdom ankle 0.718817905   0.714264349   19.139491
190   151 4                                  height chest abdom wrist 0.713815451   0.709180883   23.785371
204   152 4                                   height abdom knee wrist 0.713542792   0.708903809   24.038595
210   153 4                                height abdom forearm wrist 0.713268566   0.708625142   24.293274
207   154 4                                  height abdom ankle wrist 0.712326438   0.707667757   25.168247
209   155 4                                 height abdom biceps wrist 0.711852455   0.707186097   25.608446
224   156 4                                    chest abdom knee wrist 0.708084443   0.703357066   29.107874
246   157 4                                  abdom knee forearm wrist 0.707796969   0.703064936   29.374857
230   158 4                                 chest abdom forearm wrist 0.706334954   0.701579245   30.732659
243   159 4                                    abdom knee ankle wrist 0.706223016   0.701465493   30.836619
245   160 4                                   abdom knee biceps wrist 0.706016278   0.701255408   31.028620
227   161 4                                   chest abdom ankle wrist 0.705471494   0.700701802   31.534572
249   162 4                                 abdom ankle forearm wrist 0.704452178   0.699665979   32.481232
229   163 4                                  chest abdom biceps wrist 0.704446475   0.699660183   32.486528
250   164 4                                abdom biceps forearm wrist 0.704058492   0.699265917   32.846856
248   165 4                                  abdom ankle biceps wrist 0.703482663   0.698680763   33.381640
186   166 4                                   height chest abdom knee 0.701292970   0.696455609   35.415252
187   167 4                                  height chest abdom ankle 0.699198925   0.694327652   37.360034
201   168 4                                   height abdom knee ankle 0.697765384   0.692870896   38.691393
202   169 4                                  height abdom knee biceps 0.696826209   0.691916512   39.563623
188   170 4                                 height chest abdom biceps 0.696152668   0.691232063   40.189155
203   171 4                                 height abdom knee forearm 0.695885682   0.690960754   40.437110
205   172 4                                 height abdom ankle biceps 0.695514698   0.690583762   40.781650
189   173 4                                height chest abdom forearm 0.695265113   0.690330135   41.013445
206   174 4                                height abdom ankle forearm 0.693902380   0.688945333   42.279043
208   175 4                               height abdom biceps forearm 0.691431660   0.686434602   44.573650
221   176 4                                    chest abdom knee ankle 0.690048153   0.685028690   45.858540
222   177 4                                   chest abdom knee biceps 0.688096725   0.683045660   47.670871
223   178 4                                  chest abdom knee forearm 0.688040802   0.682988831   47.722808
241   179 4                                   abdom knee ankle biceps 0.685355292   0.680259831   50.216895
242   180 4                                  abdom knee ankle forearm 0.684084808   0.678968773   51.396820
225   181 4                                  chest abdom ankle biceps 0.683713145   0.678591090   51.741991
244   182 4                                 abdom knee biceps forearm 0.682639831   0.677500395   52.738799
226   183 4                                 chest abdom ankle forearm 0.682480684   0.677338670   52.886603
247   184 4                                abdom ankle biceps forearm 0.678804999   0.673603460   56.300285
228   185 4                                chest abdom biceps forearm 0.676375149   0.671134261   58.556935
194   186 4                                   height chest knee wrist 0.547270656   0.539939006  178.458886
135   187 4                                 weight height chest wrist 0.546500037   0.539155908  179.174575
199   188 4                                 height chest biceps wrist 0.539841328   0.532389365  185.358653
200   189 4                                height chest forearm wrist 0.539011009   0.531545600  186.129787
197   190 4                                  height chest ankle wrist 0.538983711   0.531517860  186.155139
191   191 4                                   height chest knee ankle 0.536462641   0.528955963  188.496508
132   192 4                                 weight height chest ankle 0.535487394   0.527964922  189.402240
193   193 4                                 height chest knee forearm 0.532712766   0.525145361  191.979093
134   194 4                               weight height chest forearm 0.532038182   0.524459852  192.605593
131   195 4                                  weight height chest knee 0.531928456   0.524348350  192.707497
192   196 4                                  height chest knee biceps 0.531856719   0.524275451  192.774121
133   197 4                                weight height chest biceps 0.531395260   0.523806520  193.202687
196   198 4                                height chest ankle forearm 0.530414957   0.522810341  194.113115
195   199 4                                 height chest ankle biceps 0.530340108   0.522734279  194.182628
198   200 4                               height chest biceps forearm 0.529093381   0.521467363  195.340489
233   201 4                                    chest knee ankle wrist 0.524815767   0.517120476  199.313195
236   202 4                                  chest knee forearm wrist 0.522292061   0.514555900  201.657012
159   203 4                                   weight chest knee wrist 0.522197733   0.514460045  201.744616
235   204 4                                   chest knee biceps wrist 0.522146633   0.514408117  201.792074
162   205 4                                  weight chest ankle wrist 0.520897607   0.513138864  202.952069
238   206 4                                  chest ankle biceps wrist 0.519317505   0.511533173  204.419542
165   207 4                                weight chest forearm wrist 0.519271679   0.511486605  204.462101
164   208 4                                 weight chest biceps wrist 0.519204862   0.511418706  204.524156
239   209 4                                 chest ankle forearm wrist 0.518795471   0.511002685  204.904366
240   210 4                                chest biceps forearm wrist 0.518607077   0.510811240  205.079331
232   211 4                                  chest knee ankle forearm 0.505112774   0.497098405  217.611763
156   212 4                                   weight chest knee ankle 0.503496191   0.495455643  219.113116
231   213 4                                   chest knee ankle biceps 0.503257472   0.495213059  219.334819
161   214 4                                weight chest ankle forearm 0.502704857   0.494651495  219.848043
237   215 4                                chest ankle biceps forearm 0.502562482   0.494506814  219.980270
160   216 4                                 weight chest ankle biceps 0.501115625   0.493036526  221.323996
158   217 4                                 weight chest knee forearm 0.498818695   0.490702398  223.457201
163   218 4                               weight chest biceps forearm 0.497408984   0.489269859  224.766428
234   219 4                                 chest knee biceps forearm 0.497364464   0.489224618  224.807774
157   220 4                                  weight chest knee biceps 0.496614814   0.488462827  225.503990
147   221 4                                 weight height ankle wrist 0.480330652   0.471914954  240.627420
145   222 4                                weight height ankle biceps 0.473791712   0.465270120  246.700265
146   223 4                               weight height ankle forearm 0.473625118   0.465100828  246.854985
141   224 4                                  weight height knee ankle 0.473558849   0.465033486  246.916530
150   225 4                               weight height forearm wrist 0.472242388   0.463695706  248.139154
144   226 4                                  weight height knee wrist 0.472196408   0.463648981  248.181856
149   227 4                                weight height biceps wrist 0.472186473   0.463638885  248.191084
142   228 4                                 weight height knee biceps 0.461960293   0.453247100  257.688343
143   229 4                                weight height knee forearm 0.461935607   0.453222014  257.711269
148   230 4                              weight height biceps forearm 0.461824308   0.453108912  257.814635
183   231 4                                 weight ankle biceps wrist 0.409534714   0.399972524  306.377037
178   232 4                                   weight knee ankle wrist 0.409340552   0.399775217  306.557359
184   233 4                                weight ankle forearm wrist 0.409282813   0.399716543  306.610983
180   234 4                                  weight knee biceps wrist 0.397888149   0.388137350  317.193438
185   235 4                               weight biceps forearm wrist 0.397758237   0.388005333  317.314090
181   236 4                                 weight knee forearm wrist 0.397485955   0.387728643  317.566963
182   237 4                               weight ankle biceps forearm 0.395831592   0.386047488  319.103404
177   238 4                                 weight knee ankle forearm 0.395707637   0.385921525  319.218523
176   239 4                                  weight knee ankle biceps 0.395198862   0.385404511  319.691033
179   240 4                                weight knee biceps forearm 0.377872492   0.367797553  335.782382
211   241 4                                  height knee ankle biceps 0.363099109   0.352784925  349.502722
214   242 4                                height knee biceps forearm 0.360844731   0.350494038  351.596408
215   243 4                                  height knee biceps wrist 0.360543270   0.350187695  351.876381
212   244 4                                 height knee ankle forearm 0.333498605   0.322705060  376.993308
216   245 4                                 height knee forearm wrist 0.332312567   0.321499815  378.094805
213   246 4                                   height knee ankle wrist 0.323091395   0.312129312  386.658694
252   247 4                                   knee ankle biceps wrist 0.306522085   0.295291673  402.046947
251   248 4                                 knee ankle biceps forearm 0.305111907   0.293858658  403.356608
254   249 4                                 knee biceps forearm wrist 0.301948250   0.290643768  406.294760
220   250 4                               height biceps forearm wrist 0.292779682   0.281326721  414.809794
218   251 4                                 height ankle biceps wrist 0.292651854   0.281196823  414.928510
217   252 4                               height ankle biceps forearm 0.289502981   0.277996956  417.852932
253   253 4                                  knee ankle forearm wrist 0.271931911   0.260141335  434.171540
255   254 4                                ankle biceps forearm wrist 0.246186266   0.233978757  458.082040
219   255 4                                height ankle forearm wrist 0.216116687   0.203422220  486.008266
320   256 5                         weight abdom biceps forearm wrist 0.736841505   0.731492755    4.400610
319   257 5                          weight abdom ankle forearm wrist 0.736152973   0.730790229    5.040063
280   258 5                         weight height abdom forearm wrist 0.736147409   0.730784552    5.045230
316   259 5                           weight abdom knee forearm wrist 0.736038698   0.730673631    5.146192
300   260 5                          weight chest abdom forearm wrist 0.735145123   0.729761893    5.976074
318   261 5                           weight abdom ankle biceps wrist 0.733523132   0.728106936    7.482450
315   262 5                            weight abdom knee biceps wrist 0.733508576   0.728092084    7.495968
279   263 5                          weight height abdom biceps wrist 0.733149522   0.727725732    7.829429
299   264 5                           weight chest abdom biceps wrist 0.732385936   0.726946626    8.538586
274   265 5                            weight height abdom knee wrist 0.729872082   0.724381677   10.873254
277   266 5                           weight height abdom ankle wrist 0.729697629   0.724203678   11.035272
313   267 5                             weight abdom knee ankle wrist 0.729103564   0.723597539   11.586992
260   268 5                           weight height chest abdom wrist 0.728920835   0.723411096   11.756696
294   269 5                             weight chest abdom knee wrist 0.728714543   0.723200611   11.948283
297   270 5                            weight chest abdom ankle wrist 0.728514252   0.722996249   12.134298
278   271 5                        weight height abdom biceps forearm 0.726004486   0.720435472   14.465168
273   272 5                          weight height abdom knee forearm 0.725283537   0.719699869   15.134728
259   273 5                         weight height chest abdom forearm 0.725233570   0.719648886   15.181134
276   274 5                         weight height abdom ankle forearm 0.724988852   0.719399195   15.408408
314   275 5                          weight abdom knee biceps forearm 0.724606628   0.719009201   15.763387
298   276 5                         weight chest abdom biceps forearm 0.724443721   0.718842983   15.914682
272   277 5                           weight height abdom knee biceps 0.724380556   0.718778534   15.973345
317   278 5                         weight abdom ankle biceps forearm 0.724320603   0.718717364   16.029024
258   279 5                          weight height chest abdom biceps 0.724049713   0.718440967   16.280605
275   280 5                          weight height abdom ankle biceps 0.724016556   0.718407137   16.311399
293   281 5                           weight chest abdom knee forearm 0.723179079   0.717552637   17.089181
312   282 5                           weight abdom knee ankle forearm 0.723113786   0.717486018   17.149819
296   283 5                          weight chest abdom ankle forearm 0.722970698   0.717340021   17.282708
311   284 5                            weight abdom knee ankle biceps 0.722713842   0.717077944   17.521256
292   285 5                            weight chest abdom knee biceps 0.722682042   0.717045499   17.550789
295   286 5                           weight chest abdom ankle biceps 0.722387039   0.716744499   17.824764
271   287 5                            weight height abdom knee ankle 0.721508236   0.715847835   18.640926
256   288 5                            weight height chest abdom knee 0.721491657   0.715830919   18.656323
257   289 5                           weight height chest abdom ankle 0.721159079   0.715491581   18.965195
291   290 5                             weight chest abdom knee ankle 0.719184122   0.713476482   20.799378
335   291 5                          height chest abdom forearm wrist 0.716485930   0.710723449   23.305243
351   292 5                           height abdom knee forearm wrist 0.715701285   0.709922856   24.033959
329   293 5                             height chest abdom knee wrist 0.715399208   0.709614639   24.314504
332   294 5                            height chest abdom ankle wrist 0.714209806   0.708401062   25.419126
355   295 5                         height abdom biceps forearm wrist 0.714058588   0.708246770   25.559565
354   296 5                          height abdom ankle forearm wrist 0.713983899   0.708170563   25.628930
334   297 5                           height chest abdom biceps wrist 0.713831354   0.708014918   25.770601
348   298 5                             height abdom knee ankle wrist 0.713633564   0.707813108   25.954293
350   299 5                            height abdom knee biceps wrist 0.713545827   0.707723588   26.035776
353   300 5                           height abdom ankle biceps wrist 0.712351818   0.706505310   27.144677
366   301 5                            chest abdom knee forearm wrist 0.711161702   0.705291005   28.249961
379   302 5                           abdom knee biceps forearm wrist 0.708253833   0.702324033   30.950558
363   303 5                              chest abdom knee ankle wrist 0.708217368   0.702286827   30.984424
365   304 5                             chest abdom knee biceps wrist 0.708200608   0.702269726   30.999989
378   305 5                            abdom knee ankle forearm wrist 0.708051299   0.702117382   31.138656
369   306 5                           chest abdom ankle forearm wrist 0.707629354   0.701686861   31.530524
370   307 5                          chest abdom biceps forearm wrist 0.706911541   0.700954459   32.197172
377   308 5                             abdom knee ankle biceps wrist 0.706223406   0.700252337   32.836257
368   309 5                            chest abdom ankle biceps wrist 0.705471495   0.699485143   33.534572
380   310 5                          abdom ankle biceps forearm wrist 0.705337582   0.699348508   33.658940
326   311 5                             height chest abdom knee ankle 0.702509939   0.696463393   36.285028
328   312 5                           height chest abdom knee forearm 0.702074882   0.696019493   36.689075
327   313 5                            height chest abdom knee biceps 0.701373995   0.695304360   37.340003
330   314 5                           height chest abdom ankle biceps 0.699572648   0.693466401   39.012949
331   315 5                          height chest abdom ankle forearm 0.699557597   0.693451044   39.026928
346   316 5                            height abdom knee ankle biceps 0.698443405   0.692314206   40.061701
347   317 5                           height abdom knee ankle forearm 0.697845678   0.691704330   40.616822
349   318 5                          height abdom knee biceps forearm 0.697267040   0.691113931   41.154214
333   319 5                         height chest abdom biceps forearm 0.696775694   0.690612599   41.610537
352   320 5                         height abdom ankle biceps forearm 0.695831803   0.689649523   42.487148
362   321 5                            chest abdom knee ankle forearm 0.690457825   0.684166317   47.478070
361   322 5                             chest abdom knee ankle biceps 0.690228050   0.683931872   47.691467
364   323 5                           chest abdom knee biceps forearm 0.688761047   0.682435052   49.053902
376   324 5                           abdom knee ankle biceps forearm 0.685558515   0.679167428   52.028158
367   325 5                          chest abdom ankle biceps forearm 0.684037412   0.677615408   53.440837
338   326 5                             height chest knee ankle wrist 0.548931803   0.539763750  178.916145
264   327 5                            weight height chest knee wrist 0.548885478   0.539716484  178.959168
267   328 5                           weight height chest ankle wrist 0.548171224   0.538987712  179.622511
340   329 5                            height chest knee biceps wrist 0.547353774   0.538153648  180.381693
341   330 5                           height chest knee forearm wrist 0.547274011   0.538072264  180.455770
269   331 5                          weight height chest biceps wrist 0.546545639   0.537329087  181.132224
270   332 5                         weight height chest forearm wrist 0.546531259   0.537314415  181.145579
343   333 5                           height chest ankle biceps wrist 0.539985029   0.530635131  187.225195
345   334 5                         height chest biceps forearm wrist 0.539847163   0.530494463  187.353234
344   335 5                          height chest ankle forearm wrist 0.539092697   0.529724662  188.053922
261   336 5                            weight height chest knee ankle 0.537584557   0.528185869  189.454562
337   337 5                           height chest knee ankle forearm 0.537177287   0.527770322  189.832801
336   338 5                            height chest knee ankle biceps 0.536535088   0.527115069  190.429225
266   339 5                         weight height chest ankle forearm 0.536385815   0.526962762  190.567858
265   340 5                          weight height chest ankle biceps 0.536008305   0.526577579  190.918459
263   341 5                          weight height chest knee forearm 0.533214120   0.523726602  193.513475
339   342 5                          height chest knee biceps forearm 0.532714282   0.523216605  193.977684
262   343 5                           weight height chest knee biceps 0.532432422   0.522929016  194.239454
268   344 5                        weight height chest biceps forearm 0.532150616   0.522641483  194.501172
342   345 5                         height chest ankle biceps forearm 0.530766934   0.521229677  195.786226
373   346 5                            chest knee ankle forearm wrist 0.524934922   0.515279127  201.202534
372   347 5                             chest knee ankle biceps wrist 0.524854175   0.515196739  201.277525
303   348 5                             weight chest knee ankle wrist 0.524822534   0.515164455  201.306910
374   349 5                           chest knee biceps forearm wrist 0.522380034   0.512672311  203.575309
306   350 5                           weight chest knee forearm wrist 0.522333212   0.512624538  203.618794
305   351 5                            weight chest knee biceps wrist 0.522249110   0.512538726  203.696901
309   352 5                          weight chest ankle forearm wrist 0.520993585   0.511257683  204.862932
308   353 5                           weight chest ankle biceps wrist 0.520919942   0.511182543  204.931326
375   354 5                          chest ankle biceps forearm wrist 0.519445906   0.509678546  206.300293
310   355 5                         weight chest biceps forearm wrist 0.519379885   0.509611184  206.361608
302   356 5                           weight chest knee ankle forearm 0.505430139   0.495377906  219.317020
371   357 5                           chest knee ankle biceps forearm 0.505115255   0.495056622  219.609458
301   358 5                            weight chest knee ankle biceps 0.503642838   0.493554278  220.976922
307   359 5                         weight chest ankle biceps forearm 0.502717103   0.492609727  221.836670
304   360 5                          weight chest knee biceps forearm 0.498864587   0.488678908  225.414580
283   361 5                            weight height knee ankle wrist 0.480508938   0.469950176  242.461842
289   362 5                         weight height ankle forearm wrist 0.480394864   0.469833784  242.567785
288   363 5                          weight height ankle biceps wrist 0.480366726   0.469805074  242.593917
281   364 5                           weight height knee ankle biceps 0.473844574   0.463150358  248.651171
287   365 5                        weight height ankle biceps forearm 0.473816335   0.463121545  248.677397
282   366 5                          weight height knee ankle forearm 0.473685895   0.462988454  248.798540
290   367 5                        weight height biceps forearm wrist 0.472280880   0.461554882  250.103405
286   368 5                          weight height knee forearm wrist 0.472261917   0.461535533  250.121017
285   369 5                           weight height knee biceps wrist 0.472205427   0.461477895  250.173481
284   370 5                         weight height knee biceps forearm 0.462063997   0.451130338  259.592031
322   371 5                            weight knee ankle biceps wrist 0.409622840   0.397623304  308.295193
325   372 5                         weight ankle biceps forearm wrist 0.409535951   0.397534649  308.375889
323   373 5                           weight knee ankle forearm wrist 0.409363200   0.397358387  308.536326
324   374 5                          weight knee biceps forearm wrist 0.397894584   0.385656669  319.187461
321   375 5                          weight knee ankle biceps forearm 0.395833304   0.383553493  321.101814
356   376 5                          height knee ankle biceps forearm 0.363628253   0.350693868  351.011295
357   377 5                            height knee ankle biceps wrist 0.363104413   0.350159381  351.497796
359   378 5                          height knee biceps forearm wrist 0.361044589   0.348057690  353.410796
358   379 5                           height knee ankle forearm wrist 0.334433684   0.320905913  378.124881
381   380 5                           knee ankle biceps forearm wrist 0.306655944   0.292563585  403.922629
360   381 5                         height ankle biceps forearm wrist 0.294138233   0.279791449  415.548080
436   382 6                   weight abdom ankle biceps forearm wrist 0.738039993   0.731624646    5.287549
435   383 6                    weight abdom knee biceps forearm wrist 0.737875535   0.731456161    5.440285
411   384 6                  weight height abdom biceps forearm wrist 0.737584379   0.731157874    5.710687
410   385 6                   weight height abdom ankle forearm wrist 0.737120441   0.730682575    6.141556
407   386 6                    weight height abdom knee forearm wrist 0.737074257   0.730635259    6.184448
426   387 6                   weight chest abdom biceps forearm wrist 0.736919084   0.730476286    6.328560
434   388 6                     weight abdom knee ankle forearm wrist 0.736779957   0.730333752    6.457771
391   389 6                   weight height chest abdom forearm wrist 0.736244762   0.729785450    6.954817
425   390 6                    weight chest abdom ankle forearm wrist 0.736169285   0.729708124    7.024914
422   391 6                     weight chest abdom knee forearm wrist 0.736038912   0.729574558    7.145994
433   392 6                      weight abdom knee ankle biceps wrist 0.734300973   0.727794058    8.760053
406   393 6                     weight height abdom knee biceps wrist 0.734259308   0.727751373    8.798748
409   394 6                    weight height abdom ankle biceps wrist 0.734210335   0.727701200    8.844231
421   395 6                      weight chest abdom knee biceps wrist 0.733543590   0.727018127    9.463450
424   396 6                     weight chest abdom ankle biceps wrist 0.733526822   0.727000948    9.479023
390   397 6                    weight height chest abdom biceps wrist 0.733159527   0.726624658    9.820137
404   398 6                      weight height abdom knee ankle wrist 0.730392967   0.723790346   12.389497
385   399 6                      weight height chest abdom knee wrist 0.729958283   0.723345016   12.793197
388   400 6                     weight height chest abdom ankle wrist 0.729728090   0.723109186   13.006982
419   401 6                       weight chest abdom knee ankle wrist 0.729318728   0.722689799   13.387165
405   402 6                   weight height abdom knee biceps forearm 0.726413762   0.719713691   16.085065
389   403 6                  weight height chest abdom biceps forearm 0.726386659   0.719685924   16.110237
408   404 6                  weight height abdom ankle biceps forearm 0.726102987   0.719395305   16.373688
384   405 6                    weight height chest abdom knee forearm 0.725496174   0.718773631   16.937248
403   406 6                    weight height abdom knee ankle forearm 0.725304989   0.718577764   17.114805
387   407 6                   weight height chest abdom ankle forearm 0.725288978   0.718561361   17.129675
420   408 6                    weight chest abdom knee biceps forearm 0.724749668   0.718008843   17.630543
432   409 6                    weight abdom knee ankle biceps forearm 0.724651204   0.717907968   17.721989
423   410 6                   weight chest abdom ankle biceps forearm 0.724539195   0.717793216   17.826013
383   411 6                     weight height chest abdom knee biceps 0.724463185   0.717715344   17.896606
402   412 6                     weight height abdom knee ankle biceps 0.724429772   0.717681113   17.927637
386   413 6                    weight height chest abdom ankle biceps 0.724165039   0.717409897   18.173500
418   414 6                     weight chest abdom knee ankle forearm 0.723203644   0.716424958   19.066366
417   415 6                      weight chest abdom knee ankle biceps 0.722739324   0.715949267   19.497590
382   416 6                      weight height chest abdom knee ankle 0.721516750   0.714696752   20.633019
443   417 6                     height chest abdom knee forearm wrist 0.718899476   0.712015381   23.063735
446   418 6                    height chest abdom ankle forearm wrist 0.717045888   0.710116400   24.785199
447   419 6                   height chest abdom biceps forearm wrist 0.716829322   0.709894530   24.986328
456   420 6                    height abdom knee biceps forearm wrist 0.716090857   0.709137980   25.672155
455   421 6                     height abdom knee ankle forearm wrist 0.715823221   0.708863790   25.920714
442   422 6                      height chest abdom knee biceps wrist 0.715579422   0.708614020   26.147135
440   423 6                       height chest abdom knee ankle wrist 0.715445609   0.708476930   26.271410
457   424 6                   height abdom ankle biceps forearm wrist 0.714633819   0.707645259   27.025337
445   425 6                     height chest abdom ankle biceps wrist 0.714249873   0.707251910   27.381915
454   426 6                      height abdom knee ankle biceps wrist 0.713638811   0.706625884   27.949420
461   427 6                      chest abdom knee ankle forearm wrist 0.711320775   0.704251079   30.102227
462   428 6                     chest abdom knee biceps forearm wrist 0.711290099   0.704219653   30.130716
465   429 6                     abdom knee ankle biceps forearm wrist 0.708476458   0.701337106   32.743802
460   430 6                       chest abdom knee ankle biceps wrist 0.708344925   0.701202352   32.865959
463   431 6                    chest abdom ankle biceps forearm wrist 0.708049315   0.700899502   33.140498
439   432 6                     height chest abdom knee ankle forearm 0.703450324   0.696187883   37.411674
441   433 6                    height chest abdom knee biceps forearm 0.702578387   0.695294593   38.221459
438   434 6                      height chest abdom knee ankle biceps 0.702546749   0.695262179   38.250842
444   435 6                   height chest abdom ankle biceps forearm 0.700490004   0.693155066   40.160983
453   436 6                    height abdom knee ankle biceps forearm 0.698994968   0.691623417   41.549453
459   437 6                     chest abdom knee ankle biceps forearm 0.691023988   0.683457229   48.952263
394   438 6                      weight height chest knee ankle wrist 0.551336367   0.540348686  178.682978
449   439 6                      height chest knee ankle biceps wrist 0.549050103   0.538006432  180.806278
397   440 6                    weight height chest knee forearm wrist 0.548933478   0.537886951  180.914590
450   441 6                     height chest knee ankle forearm wrist 0.548932219   0.537885661  180.915759
396   442 6                     weight height chest knee biceps wrist 0.548917323   0.537870400  180.929593
399   443 6                    weight height chest ankle biceps wrist 0.548236518   0.537172922  181.561871
400   444 6                   weight height chest ankle forearm wrist 0.548198352   0.537133822  181.597316
451   445 6                    height chest knee biceps forearm wrist 0.547386497   0.536302084  182.351302
401   446 6                  weight height chest biceps forearm wrist 0.546557070   0.535452346  183.121607
452   447 6                   height chest ankle biceps forearm wrist 0.539989504   0.528723941  189.221039
393   448 6                    weight height chest knee ankle forearm 0.538614543   0.527315307  190.497993
392   449 6                     weight height chest knee ankle biceps 0.538093959   0.526781975  190.981470
448   450 6                    height chest knee ankle biceps forearm 0.537183406   0.525849122  191.827119
398   451 6                  weight height chest ankle biceps forearm 0.536539937   0.525189895  192.424721
395   452 6                   weight height chest knee biceps forearm 0.533306388   0.521877156  195.427784
464   453 6                     chest knee ankle biceps forearm wrist 0.525059941   0.513428756  203.086426
429   454 6                     weight chest knee ankle forearm wrist 0.524951905   0.513318074  203.186761
428   455 6                      weight chest knee ankle biceps wrist 0.524854386   0.513218166  203.277329
430   456 6                    weight chest knee biceps forearm wrist 0.522480463   0.510786107  205.482039
431   457 6                   weight chest ankle biceps forearm wrist 0.521071221   0.509342353  206.790830
427   458 6                    weight chest knee ankle biceps forearm 0.505451826   0.493340442  221.296878
414   459 6                    weight height knee ankle forearm wrist 0.480569450   0.467848702  244.405643
413   460 6                     weight height knee ankle biceps wrist 0.480542075   0.467820657  244.431067
416   461 6                  weight height ankle biceps forearm wrist 0.480485884   0.467763089  244.483253
412   462 6                   weight height knee ankle biceps forearm 0.473872194   0.460987431  250.625520
415   463 6                   weight height knee biceps forearm wrist 0.472302315   0.459379107  252.083498
437   464 6                    weight knee ankle biceps forearm wrist 0.409624700   0.395166530  310.293465
458   465 6                    height knee ankle biceps forearm wrist 0.363634370   0.348049906  353.005614
493   466 7              weight abdom knee ankle biceps forearm wrist 0.738733975   0.731238638    6.643034
485   467 7            weight height abdom ankle biceps forearm wrist 0.738705391   0.731209234    6.669581
484   468 7             weight height abdom knee biceps forearm wrist 0.738606414   0.731107417    6.761503
491   469 7             weight chest abdom ankle biceps forearm wrist 0.738085217   0.730571268    7.245549
490   470 7              weight chest abdom knee biceps forearm wrist 0.737884409   0.730364699    7.432044
483   471 7              weight height abdom knee ankle forearm wrist 0.737754668   0.730231236    7.552537
475   472 7            weight height chest abdom biceps forearm wrist 0.737724113   0.730199805    7.580914
474   473 7             weight height chest abdom ankle forearm wrist 0.737180518   0.729640615    8.085761
471   474 7              weight height chest abdom knee forearm wrist 0.737092487   0.729550059    8.167517
489   475 7               weight chest abdom knee ankle forearm wrist 0.736780107   0.729228717    8.457631
482   476 7               weight height abdom knee ankle biceps wrist 0.734989218   0.727386449   10.120866
488   477 7                weight chest abdom knee ankle biceps wrist 0.734346946   0.726725751   10.717357
470   478 7               weight height chest abdom knee biceps wrist 0.734267702   0.726644234   10.790953
473   479 7              weight height chest abdom ankle biceps wrist 0.734211314   0.726586229   10.843321
468   480 7                weight height chest abdom knee ankle wrist 0.730497731   0.722766109   14.292200
469   481 7             weight height chest abdom knee biceps forearm 0.726677928   0.718836721   17.839729
472   482 7            weight height chest abdom ankle biceps forearm 0.726467370   0.718620122   18.035279
481   483 7             weight height abdom knee ankle biceps forearm 0.726450251   0.718602512   18.051177
467   484 7              weight height chest abdom knee ankle forearm 0.725515461   0.717640904   18.919336
487   485 7              weight chest abdom knee ankle biceps forearm 0.724792213   0.716896907   19.591031
466   486 7               weight height chest abdom knee ankle biceps 0.724511020   0.716607648   19.852180
497   487 7              height chest abdom knee biceps forearm wrist 0.718998330   0.710936807   24.971927
496   488 7               height chest abdom knee ankle forearm wrist 0.718960769   0.710898168   25.006811
498   489 7             height chest abdom ankle biceps forearm wrist 0.717313574   0.709203718   26.536593
500   490 7              height abdom knee ankle biceps forearm wrist 0.716193023   0.708051020   27.577272
495   491 7                height chest abdom knee ankle biceps wrist 0.715633960   0.707475918   28.096485
501   492 7               chest abdom knee ankle biceps forearm wrist 0.711438347   0.703159939   31.993036
494   493 7              height chest abdom knee ankle biceps forearm 0.703861332   0.695365551   39.029962
477   494 7               weight height chest knee ankle biceps wrist 0.551386559   0.538516502  180.636363
478   495 7              weight height chest knee ankle forearm wrist 0.551381078   0.538510863  180.641454
499   496 7              height chest knee ankle biceps forearm wrist 0.549076618   0.536140292  182.781652
479   497 7             weight height chest knee biceps forearm wrist 0.548944819   0.536004711  182.904057
480   498 7            weight height chest ankle biceps forearm wrist 0.548242559   0.535282304  183.556260
476   499 7             weight height chest knee ankle biceps forearm 0.538741239   0.525508405  192.380328
492   500 7              weight chest knee ankle biceps forearm wrist 0.525060194   0.511434872  205.086190
486   501 7             weight height knee ankle biceps forearm wrist 0.480653861   0.465754586  246.327249
508   502 8       weight height abdom knee ankle biceps forearm wrist 0.739400538   0.730821132    8.023984
506   503 8      weight height chest abdom ankle biceps forearm wrist 0.738798422   0.730199193    8.583181
509   504 8        weight chest abdom knee ankle biceps forearm wrist 0.738738577   0.730137378    8.638761
505   505 8       weight height chest abdom knee biceps forearm wrist 0.738642665   0.730038308    8.727836
504   506 8        weight height chest abdom knee ankle forearm wrist 0.737765830   0.729132606    9.542171
503   507 8         weight height chest abdom knee ankle biceps wrist 0.735004102   0.726279957   12.107043
502   508 8       weight height chest abdom knee ankle biceps forearm 0.726711637   0.717714490   19.808422
510   509 8        height chest abdom knee ankle biceps forearm wrist 0.719053847   0.709804591   26.920367
507   510 8       weight height chest knee ankle biceps forearm wrist 0.551406135   0.536637613  182.618183
511   511 9 weight height chest abdom knee ankle biceps forearm wrist 0.739426363   0.729735608   10.000000
> plot(k)
> 
> #best subset regregression
> k <- ols_step_best_subset(lmod,print_plot = TRUE)
> k
                        Best Subsets Regression                         
------------------------------------------------------------------------
Model Index    Predictors
------------------------------------------------------------------------
     1         abdom                                                     
     2         weight abdom                                              
     3         weight abdom wrist                                        
     4         weight abdom forearm wrist                                
     5         weight abdom biceps forearm wrist                         
     6         weight abdom ankle biceps forearm wrist                   
     7         weight abdom knee ankle biceps forearm wrist              
     8         weight height abdom knee ankle biceps forearm wrist       
     9         weight height chest abdom knee ankle biceps forearm wrist 
------------------------------------------------------------------------

                                                      Subsets Regression Summary                                                      
--------------------------------------------------------------------------------------------------------------------------------------
                       Adj.        Pred                                                                                                
Model    R-Square    R-Square    R-Square     C(p)         AIC         SBIC         SBC         MSEP         FPE       HSP       APC  
--------------------------------------------------------------------------------------------------------------------------------------
  1        0.6621      0.6608       0.652    65.7980    1478.8012    762.7909    1489.3895    5135.6918    20.5415    0.0818    0.3433 
  2        0.7187      0.7165      0.7092    15.2244    1434.5921    719.2327    1448.7098    4292.4992    17.2362    0.0687    0.2881 
  3        0.7276      0.7243      0.7148     9.0240    1428.5544    713.3770    1446.2015    4174.5801    16.8282    0.0671    0.2812 
  4        0.7351      0.7308      0.7209     4.0106    1423.4707    708.5680    1444.6473    4075.3672    16.4922    0.0657    0.2756 
  5        0.7368      0.7315      0.7208     4.4006    1423.8162    709.0423    1448.5222    4065.2225    16.5148    0.0658    0.2760 
  6        0.7380      0.7316      0.7175     5.2875    1424.6659    710.0197    1452.9013    4063.2933    16.5707    0.0661    0.2769 
  7        0.7387      0.7312       0.716     6.6430    1425.9974    711.4664    1457.7623    4069.2060    16.6586    0.0664    0.2784 
  8        0.7394      0.7308      0.7145     8.0240    1427.3537    712.9472    1462.6479    4075.5963    16.7487    0.0668    0.2799 
  9        0.7394      0.7297      0.7111    10.0000    1429.3287    715.0067    1468.1524    4092.1019    16.8806    0.0674    0.2821 
--------------------------------------------------------------------------------------------------------------------------------------
AIC: Akaike Information Criteria 
 SBIC: Sawa's Bayesian Information Criteria 
 SBC: Schwarz Bayesian Criteria 
 MSEP: Estimated error of prediction, assuming multivariate normality 
 FPE: Final Prediction Error 
 HSP: Hocking's Sp 
 APC: Amemiya Prediction Criteria 

> plot(k)
> 
> #Selection criteria output - focus on the criteria starting with ##
> ##rsquare rsquare of the model
> ##adjr adjusted rsquare of the model
> ##predrsq predicted rsquare of the model
> ##cp mallow’s Cp
> ##aic akaike information criteria
> #sbic sawa bayesian information criteria
> ##sbc schwarz bayes information criteria
> ##gmsep estimated MSE of prediction, assuming multivariate normality
> 
> #jp final prediction error
> #pc amemiya prediction criteria
> #sp hocking’s Sp
> 
> #Stepwise Forward Regression
> #Build regression model from a set of candidate predictor variables
> # by entering predictors based on p values, in a stepwise manner until there
> # is no variable left to enter any more. The model should include all
> # the candidate predictor variables. 
> #If details is set to TRUE, each step is displayed.
> 
> k <- ols_step_forward_p(lmod,details=TRUE)
Forward Selection Method    
---------------------------

Candidate Terms: 

1. weight 
2. height 
3. chest 
4. abdom 
5. knee 
6. ankle 
7. biceps 
8. forearm 
9. wrist 

We are selecting variables based on p value...


Forward Selection: Step 1 

+ abdom 

                        Model Summary                          
--------------------------------------------------------------
R                       0.814       RMSE                4.514 
R-Squared               0.662       Coef. Var          23.837 
Adj. R-Squared          0.661       MSE                20.380 
Pred R-Squared          0.652       MAE                 3.631 
--------------------------------------------------------------
 RMSE: Root Mean Square Error 
 MSE: Mean Square Error 
 MAE: Mean Absolute Error 

                                 ANOVA                                  
-----------------------------------------------------------------------
                 Sum of                                                
                Squares         DF    Mean Square       F         Sig. 
-----------------------------------------------------------------------
Regression     9984.086          1       9984.086    489.903    0.0000 
Residual       5094.931        250         20.380                      
Total         15079.017        251                                     
-----------------------------------------------------------------------

                                    Parameter Estimates                                      
--------------------------------------------------------------------------------------------
      model       Beta    Std. Error    Std. Beta       t        Sig       lower      upper 
--------------------------------------------------------------------------------------------
(Intercept)    -35.197         2.462                 -14.294    0.000    -40.046    -30.347 
      abdom      0.585         0.026        0.814     22.134    0.000      0.533      0.637 
--------------------------------------------------------------------------------------------



Forward Selection: Step 2 

+ weight 

                        Model Summary                          
--------------------------------------------------------------
R                       0.848       RMSE                4.127 
R-Squared               0.719       Coef. Var          21.792 
Adj. R-Squared          0.716       MSE                17.033 
Pred R-Squared          0.709       MAE                 3.344 
--------------------------------------------------------------
 RMSE: Root Mean Square Error 
 MSE: Mean Square Error 
 MAE: Mean Absolute Error 

                                 ANOVA                                  
-----------------------------------------------------------------------
                 Sum of                                                
                Squares         DF    Mean Square       F         Sig. 
-----------------------------------------------------------------------
Regression    10837.688          2       5418.844     318.13    0.0000 
Residual       4241.328        249         17.033                      
Total         15079.017        251                                     
-----------------------------------------------------------------------

                                    Parameter Estimates                                      
--------------------------------------------------------------------------------------------
      model       Beta    Std. Error    Std. Beta       t        Sig       lower      upper 
--------------------------------------------------------------------------------------------
(Intercept)    -41.348         2.413                 -17.136    0.000    -46.101    -36.596 
      abdom      0.915         0.053        1.273     17.419    0.000      0.812      1.019 
     weight     -0.136         0.019       -0.517     -7.079    0.000     -0.174     -0.098 
--------------------------------------------------------------------------------------------



Forward Selection: Step 3 

+ wrist 

                        Model Summary                          
--------------------------------------------------------------
R                       0.853       RMSE                4.070 
R-Squared               0.728       Coef. Var          21.491 
Adj. R-Squared          0.724       MSE                16.565 
Pred R-Squared          0.715       MAE                 3.319 
--------------------------------------------------------------
 RMSE: Root Mean Square Error 
 MSE: Mean Square Error 
 MAE: Mean Absolute Error 

                                 ANOVA                                  
-----------------------------------------------------------------------
                 Sum of                                                
                Squares         DF    Mean Square       F         Sig. 
-----------------------------------------------------------------------
Regression    10970.834          3       3656.945     220.76    0.0000 
Residual       4108.183        248         16.565                      
Total         15079.017        251                                     
-----------------------------------------------------------------------

                                    Parameter Estimates                                     
-------------------------------------------------------------------------------------------
      model       Beta    Std. Error    Std. Beta      t        Sig       lower      upper 
-------------------------------------------------------------------------------------------
(Intercept)    -24.761         6.316                 -3.920    0.000    -37.201    -12.321 
      abdom      0.902         0.052        1.255    17.338    0.000      0.799      1.004 
     weight     -0.106         0.022       -0.400    -4.820    0.000     -0.149     -0.062 
      wrist     -1.146         0.404       -0.138    -2.835    0.005     -1.942     -0.350 
-------------------------------------------------------------------------------------------



Forward Selection: Step 4 

+ forearm 

                        Model Summary                          
--------------------------------------------------------------
R                       0.857       RMSE                4.021 
R-Squared               0.735       Coef. Var          21.234 
Adj. R-Squared          0.731       MSE                16.171 
Pred R-Squared          0.721       MAE                 3.276 
--------------------------------------------------------------
 RMSE: Root Mean Square Error 
 MSE: Mean Square Error 
 MAE: Mean Absolute Error 

                                 ANOVA                                  
-----------------------------------------------------------------------
                 Sum of                                                
                Squares         DF    Mean Square       F         Sig. 
-----------------------------------------------------------------------
Regression    11084.706          4       2771.176    171.364    0.0000 
Residual       3994.311        247         16.171                      
Total         15079.017        251                                     
-----------------------------------------------------------------------

                                    Parameter Estimates                                     
-------------------------------------------------------------------------------------------
      model       Beta    Std. Error    Std. Beta      t        Sig       lower      upper 
-------------------------------------------------------------------------------------------
(Intercept)    -31.297         6.709                 -4.665    0.000    -44.511    -18.083 
      abdom      0.921         0.052        1.282    17.747    0.000      0.819      1.024 
     weight     -0.126         0.023       -0.476    -5.479    0.000     -0.171     -0.080 
      wrist     -1.392         0.410       -0.168    -3.395    0.001     -2.199     -0.584 
    forearm      0.446         0.168        0.116     2.654    0.008      0.115      0.778 
-------------------------------------------------------------------------------------------



Forward Selection: Step 5 

+ biceps 

                        Model Summary                          
--------------------------------------------------------------
R                       0.858       RMSE                4.016 
R-Squared               0.737       Coef. Var          21.207 
Adj. R-Squared          0.731       MSE                16.131 
Pred R-Squared          0.721       MAE                 3.272 
--------------------------------------------------------------
 RMSE: Root Mean Square Error 
 MSE: Mean Square Error 
 MAE: Mean Absolute Error 

                                 ANOVA                                  
-----------------------------------------------------------------------
                 Sum of                                                
                Squares         DF    Mean Square       F         Sig. 
-----------------------------------------------------------------------
Regression    11110.845          5       2222.169     137.76    0.0000 
Residual       3968.171        246         16.131                      
Total         15079.017        251                                     
-----------------------------------------------------------------------

                                    Parameter Estimates                                     
-------------------------------------------------------------------------------------------
      model       Beta    Std. Error    Std. Beta      t        Sig       lower      upper 
-------------------------------------------------------------------------------------------
(Intercept)    -32.857         6.812                 -4.824    0.000    -46.273    -19.440 
      abdom      0.924         0.052        1.285    17.804    0.000      0.822      1.026 
     weight     -0.138         0.025       -0.525    -5.536    0.000     -0.188     -0.089 
      wrist     -1.407         0.410       -0.170    -3.436    0.001     -2.214     -0.601 
    forearm      0.366         0.179        0.095     2.041    0.042      0.013      0.720 
     biceps      0.192         0.151        0.075     1.273    0.204     -0.105      0.490 
-------------------------------------------------------------------------------------------



Forward Selection: Step 6 

+ ankle 

                        Model Summary                          
--------------------------------------------------------------
R                       0.859       RMSE                4.015 
R-Squared               0.738       Coef. Var          21.202 
Adj. R-Squared          0.732       MSE                16.123 
Pred R-Squared          0.717       MAE                 3.277 
--------------------------------------------------------------
 RMSE: Root Mean Square Error 
 MSE: Mean Square Error 
 MAE: Mean Absolute Error 

                                 ANOVA                                  
-----------------------------------------------------------------------
                 Sum of                                                
                Squares         DF    Mean Square       F         Sig. 
-----------------------------------------------------------------------
Regression    11128.917          6       1854.820    115.043    0.0000 
Residual       3950.099        245         16.123                      
Total         15079.017        251                                     
-----------------------------------------------------------------------

                                    Parameter Estimates                                     
-------------------------------------------------------------------------------------------
      model       Beta    Std. Error    Std. Beta      t        Sig       lower      upper 
-------------------------------------------------------------------------------------------
(Intercept)    -35.793         7.353                 -4.868    0.000    -50.277    -21.310 
      abdom      0.938         0.053        1.304    17.528    0.000      0.832      1.043 
     weight     -0.149         0.027       -0.565    -5.530    0.000     -0.202     -0.096 
      wrist     -1.500         0.419       -0.181    -3.582    0.000     -2.324     -0.675 
    forearm      0.369         0.179        0.096     2.055    0.041      0.015      0.722 
     biceps      0.201         0.151        0.078     1.328    0.185     -0.097      0.499 
      ankle      0.212         0.200        0.046     1.059    0.291     -0.183      0.607 
-------------------------------------------------------------------------------------------



No more variables to be added.

Variables Entered: 

+ abdom 
+ weight 
+ wrist 
+ forearm 
+ biceps 
+ ankle 


Final Model Output 
------------------

                        Model Summary                          
--------------------------------------------------------------
R                       0.859       RMSE                4.015 
R-Squared               0.738       Coef. Var          21.202 
Adj. R-Squared          0.732       MSE                16.123 
Pred R-Squared          0.717       MAE                 3.277 
--------------------------------------------------------------
 RMSE: Root Mean Square Error 
 MSE: Mean Square Error 
 MAE: Mean Absolute Error 

                                 ANOVA                                  
-----------------------------------------------------------------------
                 Sum of                                                
                Squares         DF    Mean Square       F         Sig. 
-----------------------------------------------------------------------
Regression    11128.917          6       1854.820    115.043    0.0000 
Residual       3950.099        245         16.123                      
Total         15079.017        251                                     
-----------------------------------------------------------------------

                                    Parameter Estimates                                     
-------------------------------------------------------------------------------------------
      model       Beta    Std. Error    Std. Beta      t        Sig       lower      upper 
-------------------------------------------------------------------------------------------
(Intercept)    -35.793         7.353                 -4.868    0.000    -50.277    -21.310 
      abdom      0.938         0.053        1.304    17.528    0.000      0.832      1.043 
     weight     -0.149         0.027       -0.565    -5.530    0.000     -0.202     -0.096 
      wrist     -1.500         0.419       -0.181    -3.582    0.000     -2.324     -0.675 
    forearm      0.369         0.179        0.096     2.055    0.041      0.015      0.722 
     biceps      0.201         0.151        0.078     1.328    0.185     -0.097      0.499 
      ankle      0.212         0.200        0.046     1.059    0.291     -0.183      0.607 
-------------------------------------------------------------------------------------------
> k

                            Selection Summary                              
--------------------------------------------------------------------------
        Variable                  Adj.                                        
Step    Entered     R-Square    R-Square     C(p)         AIC        RMSE     
--------------------------------------------------------------------------
   1    abdom         0.6621      0.6608    65.7980    1478.8012    4.5144    
   2    weight        0.7187      0.7165    15.2244    1434.5921    4.1272    
   3    wrist         0.7276      0.7243     9.0240    1428.5544    4.0700    
   4    forearm       0.7351      0.7308     4.0106    1423.4707    4.0214    
   5    biceps        0.7368      0.7315     4.4006    1423.8162    4.0163    
   6    ankle         0.7380      0.7316     5.2875    1424.6659    4.0153    
--------------------------------------------------------------------------
> plot(k)
> 
> #Stepwise Backward Regression
> #Build regression model from a set of candidate predictor variables by removing predictors
> # based on p values, in a stepwise manner until there is no variable left to remove any more.
> # The model should include all the candidate predictor variables.
> #If details is set to TRUE, each step is displayed.
> 
> k <- ols_step_backward_p(lmod,details=TRUE)
Backward Elimination Method 
---------------------------

Candidate Terms: 

1 . weight 
2 . height 
3 . chest 
4 . abdom 
5 . knee 
6 . ankle 
7 . biceps 
8 . forearm 
9 . wrist 

We are eliminating variables based on p value...

x chest 

Backward Elimination: Step 1 

 Variable chest Removed 

                        Model Summary                          
--------------------------------------------------------------
R                       0.860       RMSE                4.021 
R-Squared               0.739       Coef. Var          21.234 
Adj. R-Squared          0.731       MSE                16.171 
Pred R-Squared          0.714       MAE                 3.268 
--------------------------------------------------------------
 RMSE: Root Mean Square Error 
 MSE: Mean Square Error 
 MAE: Mean Absolute Error 

                                ANOVA                                  
----------------------------------------------------------------------
                 Sum of                                               
                Squares         DF    Mean Square      F         Sig. 
----------------------------------------------------------------------
Regression    11149.433          8       1393.679    86.183    0.0000 
Residual       3929.584        243         16.171                     
Total         15079.017        251                                    
----------------------------------------------------------------------

                                    Parameter Estimates                                     
-------------------------------------------------------------------------------------------
      model       Beta    Std. Error    Std. Beta      t        Sig       lower      upper 
-------------------------------------------------------------------------------------------
(Intercept)    -34.860        10.308                 -3.382    0.001    -55.164    -14.555 
     weight     -0.150         0.032       -0.570    -4.652    0.000     -0.214     -0.087 
     height     -0.065         0.082       -0.031    -0.788    0.431     -0.226      0.097 
      abdom      0.919         0.059        1.279    15.533    0.000      0.803      1.036 
       knee      0.167         0.207        0.052     0.805    0.422     -0.241      0.575 
      ankle      0.176         0.204        0.038     0.861    0.390     -0.226      0.578 
     biceps      0.189         0.153        0.074     1.239    0.217     -0.112      0.490 
    forearm      0.365         0.180        0.095     2.028    0.044      0.010      0.719 
      wrist     -1.475         0.425       -0.178    -3.475    0.001     -2.312     -0.639 
-------------------------------------------------------------------------------------------


x height 

Backward Elimination: Step 2 

 Variable height Removed 

                        Model Summary                          
--------------------------------------------------------------
R                       0.859       RMSE                4.018 
R-Squared               0.739       Coef. Var          21.217 
Adj. R-Squared          0.731       MSE                16.146 
Pred R-Squared          0.716       MAE                 3.275 
--------------------------------------------------------------
 RMSE: Root Mean Square Error 
 MSE: Mean Square Error 
 MAE: Mean Absolute Error 

                                ANOVA                                  
----------------------------------------------------------------------
                 Sum of                                               
                Squares         DF    Mean Square      F         Sig. 
----------------------------------------------------------------------
Regression    11139.382          7       1591.340    98.559    0.0000 
Residual       3939.635        244         16.146                     
Total         15079.017        251                                    
----------------------------------------------------------------------

                                    Parameter Estimates                                     
-------------------------------------------------------------------------------------------
      model       Beta    Std. Error    Std. Beta      t        Sig       lower      upper 
-------------------------------------------------------------------------------------------
(Intercept)    -39.352         8.584                 -4.584    0.000    -56.259    -22.444 
     weight     -0.160         0.030       -0.605    -5.316    0.000     -0.219     -0.101 
      abdom      0.939         0.054        1.306    17.532    0.000      0.833      1.044 
       knee      0.167         0.207        0.052     0.805    0.422     -0.241      0.575 
      ankle      0.183         0.204        0.040     0.895    0.371     -0.219      0.584 
     biceps      0.205         0.151        0.080     1.351    0.178     -0.094      0.503 
    forearm      0.365         0.180        0.095     2.035    0.043      0.012      0.719 
      wrist     -1.523         0.420       -0.183    -3.627    0.000     -2.350     -0.696 
-------------------------------------------------------------------------------------------


x knee 

Backward Elimination: Step 3 

 Variable knee Removed 

                        Model Summary                          
--------------------------------------------------------------
R                       0.859       RMSE                4.015 
R-Squared               0.738       Coef. Var          21.202 
Adj. R-Squared          0.732       MSE                16.123 
Pred R-Squared          0.717       MAE                 3.277 
--------------------------------------------------------------
 RMSE: Root Mean Square Error 
 MSE: Mean Square Error 
 MAE: Mean Absolute Error 

                                 ANOVA                                  
-----------------------------------------------------------------------
                 Sum of                                                
                Squares         DF    Mean Square       F         Sig. 
-----------------------------------------------------------------------
Regression    11128.917          6       1854.820    115.043    0.0000 
Residual       3950.099        245         16.123                      
Total         15079.017        251                                     
-----------------------------------------------------------------------

                                    Parameter Estimates                                     
-------------------------------------------------------------------------------------------
      model       Beta    Std. Error    Std. Beta      t        Sig       lower      upper 
-------------------------------------------------------------------------------------------
(Intercept)    -35.793         7.353                 -4.868    0.000    -50.277    -21.310 
     weight     -0.149         0.027       -0.565    -5.530    0.000     -0.202     -0.096 
      abdom      0.938         0.053        1.304    17.528    0.000      0.832      1.043 
      ankle      0.212         0.200        0.046     1.059    0.291     -0.183      0.607 
     biceps      0.201         0.151        0.078     1.328    0.185     -0.097      0.499 
    forearm      0.369         0.179        0.096     2.055    0.041      0.015      0.722 
      wrist     -1.500         0.419       -0.181    -3.582    0.000     -2.324     -0.675 
-------------------------------------------------------------------------------------------



No more variables satisfy the condition of p value = 0.3


Variables Removed: 

x chest 
x height 
x knee 


Final Model Output 
------------------

                        Model Summary                          
--------------------------------------------------------------
R                       0.859       RMSE                4.015 
R-Squared               0.738       Coef. Var          21.202 
Adj. R-Squared          0.732       MSE                16.123 
Pred R-Squared          0.717       MAE                 3.277 
--------------------------------------------------------------
 RMSE: Root Mean Square Error 
 MSE: Mean Square Error 
 MAE: Mean Absolute Error 

                                 ANOVA                                  
-----------------------------------------------------------------------
                 Sum of                                                
                Squares         DF    Mean Square       F         Sig. 
-----------------------------------------------------------------------
Regression    11128.917          6       1854.820    115.043    0.0000 
Residual       3950.099        245         16.123                      
Total         15079.017        251                                     
-----------------------------------------------------------------------

                                    Parameter Estimates                                     
-------------------------------------------------------------------------------------------
      model       Beta    Std. Error    Std. Beta      t        Sig       lower      upper 
-------------------------------------------------------------------------------------------
(Intercept)    -35.793         7.353                 -4.868    0.000    -50.277    -21.310 
     weight     -0.149         0.027       -0.565    -5.530    0.000     -0.202     -0.096 
      abdom      0.938         0.053        1.304    17.528    0.000      0.832      1.043 
      ankle      0.212         0.200        0.046     1.059    0.291     -0.183      0.607 
     biceps      0.201         0.151        0.078     1.328    0.185     -0.097      0.499 
    forearm      0.369         0.179        0.096     2.055    0.041      0.015      0.722 
      wrist     -1.500         0.419       -0.181    -3.582    0.000     -2.324     -0.675 
-------------------------------------------------------------------------------------------
> k


                           Elimination Summary                            
-------------------------------------------------------------------------
        Variable                  Adj.                                       
Step    Removed     R-Square    R-Square     C(p)        AIC        RMSE     
-------------------------------------------------------------------------
   1    chest         0.7394      0.7308    8.0240    1427.3537    4.0213    
   2    height        0.7387      0.7312    6.6430    1425.9974    4.0182    
   3    knee           0.738      0.7316    5.2875    1424.6659    4.0153    
-------------------------------------------------------------------------
> plot(k)
> 
> #Stepwise Regression
> #Build regression model from a set of candidate predictor variables by entering and removing predictors
> # based on p values, in a stepwise manner until there is no variable left to enter or remove any more.
> # The model should include all the candidate predictor variables.
> #If details is set to TRUE, each step is displayed.
> 
> k <- ols_step_both_p(lmod,details=TRUE)
Stepwise Selection Method   
---------------------------

Candidate Terms: 

1. weight 
2. height 
3. chest 
4. abdom 
5. knee 
6. ankle 
7. biceps 
8. forearm 
9. wrist 

We are selecting variables based on p value...


Stepwise Selection: Step 1 

+ abdom 

                        Model Summary                          
--------------------------------------------------------------
R                       0.814       RMSE                4.514 
R-Squared               0.662       Coef. Var          23.837 
Adj. R-Squared          0.661       MSE                20.380 
Pred R-Squared          0.652       MAE                 3.631 
--------------------------------------------------------------
 RMSE: Root Mean Square Error 
 MSE: Mean Square Error 
 MAE: Mean Absolute Error 

                                 ANOVA                                  
-----------------------------------------------------------------------
                 Sum of                                                
                Squares         DF    Mean Square       F         Sig. 
-----------------------------------------------------------------------
Regression     9984.086          1       9984.086    489.903    0.0000 
Residual       5094.931        250         20.380                      
Total         15079.017        251                                     
-----------------------------------------------------------------------

                                    Parameter Estimates                                      
--------------------------------------------------------------------------------------------
      model       Beta    Std. Error    Std. Beta       t        Sig       lower      upper 
--------------------------------------------------------------------------------------------
(Intercept)    -35.197         2.462                 -14.294    0.000    -40.046    -30.347 
      abdom      0.585         0.026        0.814     22.134    0.000      0.533      0.637 
--------------------------------------------------------------------------------------------



Stepwise Selection: Step 2 

+ weight 

                        Model Summary                          
--------------------------------------------------------------
R                       0.848       RMSE                4.127 
R-Squared               0.719       Coef. Var          21.792 
Adj. R-Squared          0.716       MSE                17.033 
Pred R-Squared          0.709       MAE                 3.344 
--------------------------------------------------------------
 RMSE: Root Mean Square Error 
 MSE: Mean Square Error 
 MAE: Mean Absolute Error 

                                 ANOVA                                  
-----------------------------------------------------------------------
                 Sum of                                                
                Squares         DF    Mean Square       F         Sig. 
-----------------------------------------------------------------------
Regression    10837.688          2       5418.844     318.13    0.0000 
Residual       4241.328        249         17.033                      
Total         15079.017        251                                     
-----------------------------------------------------------------------

                                    Parameter Estimates                                      
--------------------------------------------------------------------------------------------
      model       Beta    Std. Error    Std. Beta       t        Sig       lower      upper 
--------------------------------------------------------------------------------------------
(Intercept)    -41.348         2.413                 -17.136    0.000    -46.101    -36.596 
      abdom      0.915         0.053        1.273     17.419    0.000      0.812      1.019 
     weight     -0.136         0.019       -0.517     -7.079    0.000     -0.174     -0.098 
--------------------------------------------------------------------------------------------



                        Model Summary                          
--------------------------------------------------------------
R                       0.848       RMSE                4.127 
R-Squared               0.719       Coef. Var          21.792 
Adj. R-Squared          0.716       MSE                17.033 
Pred R-Squared          0.709       MAE                 3.344 
--------------------------------------------------------------
 RMSE: Root Mean Square Error 
 MSE: Mean Square Error 
 MAE: Mean Absolute Error 

                                 ANOVA                                  
-----------------------------------------------------------------------
                 Sum of                                                
                Squares         DF    Mean Square       F         Sig. 
-----------------------------------------------------------------------
Regression    10837.688          2       5418.844     318.13    0.0000 
Residual       4241.328        249         17.033                      
Total         15079.017        251                                     
-----------------------------------------------------------------------

                                    Parameter Estimates                                      
--------------------------------------------------------------------------------------------
      model       Beta    Std. Error    Std. Beta       t        Sig       lower      upper 
--------------------------------------------------------------------------------------------
(Intercept)    -41.348         2.413                 -17.136    0.000    -46.101    -36.596 
      abdom      0.915         0.053        1.273     17.419    0.000      0.812      1.019 
     weight     -0.136         0.019       -0.517     -7.079    0.000     -0.174     -0.098 
--------------------------------------------------------------------------------------------



Stepwise Selection: Step 3 

+ wrist 

                        Model Summary                          
--------------------------------------------------------------
R                       0.853       RMSE                4.070 
R-Squared               0.728       Coef. Var          21.491 
Adj. R-Squared          0.724       MSE                16.565 
Pred R-Squared          0.715       MAE                 3.319 
--------------------------------------------------------------
 RMSE: Root Mean Square Error 
 MSE: Mean Square Error 
 MAE: Mean Absolute Error 

                                 ANOVA                                  
-----------------------------------------------------------------------
                 Sum of                                                
                Squares         DF    Mean Square       F         Sig. 
-----------------------------------------------------------------------
Regression    10970.834          3       3656.945     220.76    0.0000 
Residual       4108.183        248         16.565                      
Total         15079.017        251                                     
-----------------------------------------------------------------------

                                    Parameter Estimates                                     
-------------------------------------------------------------------------------------------
      model       Beta    Std. Error    Std. Beta      t        Sig       lower      upper 
-------------------------------------------------------------------------------------------
(Intercept)    -24.761         6.316                 -3.920    0.000    -37.201    -12.321 
      abdom      0.902         0.052        1.255    17.338    0.000      0.799      1.004 
     weight     -0.106         0.022       -0.400    -4.820    0.000     -0.149     -0.062 
      wrist     -1.146         0.404       -0.138    -2.835    0.005     -1.942     -0.350 
-------------------------------------------------------------------------------------------



                        Model Summary                          
--------------------------------------------------------------
R                       0.853       RMSE                4.070 
R-Squared               0.728       Coef. Var          21.491 
Adj. R-Squared          0.724       MSE                16.565 
Pred R-Squared          0.715       MAE                 3.319 
--------------------------------------------------------------
 RMSE: Root Mean Square Error 
 MSE: Mean Square Error 
 MAE: Mean Absolute Error 

                                 ANOVA                                  
-----------------------------------------------------------------------
                 Sum of                                                
                Squares         DF    Mean Square       F         Sig. 
-----------------------------------------------------------------------
Regression    10970.834          3       3656.945     220.76    0.0000 
Residual       4108.183        248         16.565                      
Total         15079.017        251                                     
-----------------------------------------------------------------------

                                    Parameter Estimates                                     
-------------------------------------------------------------------------------------------
      model       Beta    Std. Error    Std. Beta      t        Sig       lower      upper 
-------------------------------------------------------------------------------------------
(Intercept)    -24.761         6.316                 -3.920    0.000    -37.201    -12.321 
      abdom      0.902         0.052        1.255    17.338    0.000      0.799      1.004 
     weight     -0.106         0.022       -0.400    -4.820    0.000     -0.149     -0.062 
      wrist     -1.146         0.404       -0.138    -2.835    0.005     -1.942     -0.350 
-------------------------------------------------------------------------------------------



Stepwise Selection: Step 4 

+ forearm 

                        Model Summary                          
--------------------------------------------------------------
R                       0.857       RMSE                4.021 
R-Squared               0.735       Coef. Var          21.234 
Adj. R-Squared          0.731       MSE                16.171 
Pred R-Squared          0.721       MAE                 3.276 
--------------------------------------------------------------
 RMSE: Root Mean Square Error 
 MSE: Mean Square Error 
 MAE: Mean Absolute Error 

                                 ANOVA                                  
-----------------------------------------------------------------------
                 Sum of                                                
                Squares         DF    Mean Square       F         Sig. 
-----------------------------------------------------------------------
Regression    11084.706          4       2771.176    171.364    0.0000 
Residual       3994.311        247         16.171                      
Total         15079.017        251                                     
-----------------------------------------------------------------------

                                    Parameter Estimates                                     
-------------------------------------------------------------------------------------------
      model       Beta    Std. Error    Std. Beta      t        Sig       lower      upper 
-------------------------------------------------------------------------------------------
(Intercept)    -31.297         6.709                 -4.665    0.000    -44.511    -18.083 
      abdom      0.921         0.052        1.282    17.747    0.000      0.819      1.024 
     weight     -0.126         0.023       -0.476    -5.479    0.000     -0.171     -0.080 
      wrist     -1.392         0.410       -0.168    -3.395    0.001     -2.199     -0.584 
    forearm      0.446         0.168        0.116     2.654    0.008      0.115      0.778 
-------------------------------------------------------------------------------------------



                        Model Summary                          
--------------------------------------------------------------
R                       0.857       RMSE                4.021 
R-Squared               0.735       Coef. Var          21.234 
Adj. R-Squared          0.731       MSE                16.171 
Pred R-Squared          0.721       MAE                 3.276 
--------------------------------------------------------------
 RMSE: Root Mean Square Error 
 MSE: Mean Square Error 
 MAE: Mean Absolute Error 

                                 ANOVA                                  
-----------------------------------------------------------------------
                 Sum of                                                
                Squares         DF    Mean Square       F         Sig. 
-----------------------------------------------------------------------
Regression    11084.706          4       2771.176    171.364    0.0000 
Residual       3994.311        247         16.171                      
Total         15079.017        251                                     
-----------------------------------------------------------------------

                                    Parameter Estimates                                     
-------------------------------------------------------------------------------------------
      model       Beta    Std. Error    Std. Beta      t        Sig       lower      upper 
-------------------------------------------------------------------------------------------
(Intercept)    -31.297         6.709                 -4.665    0.000    -44.511    -18.083 
      abdom      0.921         0.052        1.282    17.747    0.000      0.819      1.024 
     weight     -0.126         0.023       -0.476    -5.479    0.000     -0.171     -0.080 
      wrist     -1.392         0.410       -0.168    -3.395    0.001     -2.199     -0.584 
    forearm      0.446         0.168        0.116     2.654    0.008      0.115      0.778 
-------------------------------------------------------------------------------------------



No more variables to be added/removed.


Final Model Output 
------------------

                        Model Summary                          
--------------------------------------------------------------
R                       0.857       RMSE                4.021 
R-Squared               0.735       Coef. Var          21.234 
Adj. R-Squared          0.731       MSE                16.171 
Pred R-Squared          0.721       MAE                 3.276 
--------------------------------------------------------------
 RMSE: Root Mean Square Error 
 MSE: Mean Square Error 
 MAE: Mean Absolute Error 

                                 ANOVA                                  
-----------------------------------------------------------------------
                 Sum of                                                
                Squares         DF    Mean Square       F         Sig. 
-----------------------------------------------------------------------
Regression    11084.706          4       2771.176    171.364    0.0000 
Residual       3994.311        247         16.171                      
Total         15079.017        251                                     
-----------------------------------------------------------------------

                                    Parameter Estimates                                     
-------------------------------------------------------------------------------------------
      model       Beta    Std. Error    Std. Beta      t        Sig       lower      upper 
-------------------------------------------------------------------------------------------
(Intercept)    -31.297         6.709                 -4.665    0.000    -44.511    -18.083 
      abdom      0.921         0.052        1.282    17.747    0.000      0.819      1.024 
     weight     -0.126         0.023       -0.476    -5.479    0.000     -0.171     -0.080 
      wrist     -1.392         0.410       -0.168    -3.395    0.001     -2.199     -0.584 
    forearm      0.446         0.168        0.116     2.654    0.008      0.115      0.778 
-------------------------------------------------------------------------------------------
> k

                              Stepwise Selection Summary                               
--------------------------------------------------------------------------------------
                     Added/                   Adj.                                        
Step    Variable    Removed     R-Square    R-Square     C(p)         AIC        RMSE     
--------------------------------------------------------------------------------------
   1     abdom      addition       0.662       0.661    65.7980    1478.8012    4.5144    
   2     weight     addition       0.719       0.716    15.2240    1434.5921    4.1272    
   3     wrist      addition       0.728       0.724     9.0240    1428.5544    4.0700    
   4    forearm     addition       0.735       0.731     4.0110    1423.4707    4.0214    
--------------------------------------------------------------------------------------
> plot(k)
> 
> #Stepwise models based on Akaike Information Criteria criterion
> k <- ols_step_forward_aic(lmod) #forward selection
> k

                          Selection Summary                            
----------------------------------------------------------------------
Variable       AIC        Sum Sq        RSS        R-Sq      Adj. R-Sq 
----------------------------------------------------------------------
abdom        1478.801     9984.086    5094.931    0.66212      0.66077 
weight       1434.592    10837.688    4241.328    0.71873      0.71647 
wrist        1428.554    10970.834    4108.183    0.72756      0.72426 
forearm      1423.471    11084.706    3994.311    0.73511      0.73082 
----------------------------------------------------------------------
> plot(k)
> 
> k <- ols_step_backward_aic(lmod)
> k


                      Backward Elimination Summary                       
-----------------------------------------------------------------------
Variable        AIC         RSS        Sum Sq       R-Sq      Adj. R-Sq 
-----------------------------------------------------------------------
Full Model    1429.329    3929.194    11149.822    0.73943      0.72974 
chest         1427.354    3929.584    11149.433    0.73940      0.73082 
height        1425.997    3939.635    11139.382    0.73873      0.73124 
knee          1424.666    3950.099    11128.917    0.73804      0.73162 
ankle         1423.816    3968.171    11110.845    0.73684      0.73149 
biceps        1423.471    3994.311    11084.706    0.73511      0.73082 
-----------------------------------------------------------------------

> plot(k)
> 
> k <- ols_step_both_aic(lmod)
> k


                                 Stepwise Summary                                  
---------------------------------------------------------------------------------
Variable     Method       AIC         RSS        Sum Sq       R-Sq      Adj. R-Sq 
---------------------------------------------------------------------------------
abdom       addition    1478.801    5094.931     9984.086    0.66212      0.66077 
weight      addition    1434.592    4241.328    10837.688    0.71873      0.71647 
wrist       addition    1428.554    4108.183    10970.834    0.72756      0.72426 
forearm     addition    1423.471    3994.311    11084.706    0.73511      0.73082 
---------------------------------------------------------------------------------

> plot(k)
> 
> dev.off()
null device 
          1 
> 
> 
> 
> 
> 
> 
> 
