> #HW13
> #The following R code generates a ridge regression using all 100 variables in the meatspec dataset in the faraway library.
> 
> library(faraway)
> library(psych)
> library(QuantPsyc)
> library(MASS) 
> 
> hw13 <- meatspec
> hw13 <- data.frame(hw13)  
> describe(hw13)
     vars   n  mean    sd median trimmed   mad  min   max range skew kurtosis   se
V1      1 215  2.81  0.41   2.75    2.78  0.37 2.07  4.24  2.17 0.87     0.82 0.03
V2      2 215  2.81  0.41   2.76    2.78  0.37 2.07  4.25  2.18 0.87     0.81 0.03
V3      3 215  2.81  0.42   2.76    2.78  0.37 2.07  4.26  2.19 0.87     0.79 0.03
V4      4 215  2.82  0.42   2.76    2.78  0.38 2.06  4.27  2.20 0.86     0.78 0.03
V5      5 215  2.82  0.42   2.76    2.79  0.38 2.06  4.28  2.21 0.86     0.77 0.03
V6      6 215  2.82  0.42   2.76    2.79  0.38 2.06  4.29  2.23 0.86     0.76 0.03
V7      7 215  2.83  0.43   2.76    2.79  0.39 2.06  4.30  2.24 0.86     0.75 0.03
V8      8 215  2.83  0.43   2.77    2.79  0.39 2.06  4.31  2.25 0.86     0.74 0.03
V9      9 215  2.83  0.43   2.77    2.80  0.39 2.06  4.33  2.26 0.86     0.73 0.03
V10    10 215  2.84  0.43   2.77    2.80  0.40 2.06  4.34  2.28 0.86     0.72 0.03
V11    11 215  2.84  0.44   2.77    2.80  0.40 2.06  4.35  2.29 0.85     0.72 0.03
V12    12 215  2.84  0.44   2.78    2.81  0.40 2.06  4.37  2.30 0.85     0.71 0.03
V13    13 215  2.85  0.44   2.78    2.81  0.41 2.06  4.38  2.32 0.85     0.71 0.03
V14    14 215  2.85  0.45   2.79    2.82  0.41 2.06  4.40  2.34 0.85     0.70 0.03
V15    15 215  2.86  0.45   2.79    2.82  0.41 2.07  4.42  2.35 0.85     0.70 0.03
V16    16 215  2.87  0.45   2.80    2.83  0.41 2.07  4.44  2.37 0.85     0.70 0.03
V17    17 215  2.87  0.45   2.80    2.84  0.42 2.07  4.46  2.39 0.85     0.70 0.03
V18    18 215  2.88  0.46   2.80    2.84  0.42 2.07  4.48  2.41 0.84     0.70 0.03
V19    19 215  2.89  0.46   2.81    2.85  0.42 2.07  4.50  2.43 0.84     0.70 0.03
V20    20 215  2.89  0.46   2.82    2.86  0.43 2.07  4.53  2.46 0.84     0.70 0.03
V21    21 215  2.90  0.47   2.83    2.87  0.43 2.07  4.55  2.48 0.84     0.70 0.03
V22    22 215  2.91  0.47   2.84    2.87  0.43 2.08  4.58  2.50 0.84     0.70 0.03
V23    23 215  2.92  0.47   2.85    2.88  0.43 2.08  4.61  2.53 0.84     0.70 0.03
V24    24 215  2.93  0.48   2.86    2.89  0.43 2.08  4.63  2.55 0.84     0.70 0.03
V25    25 215  2.94  0.48   2.86    2.90  0.43 2.08  4.65  2.57 0.84     0.71 0.03
V26    26 215  2.94  0.48   2.86    2.90  0.44 2.09  4.68  2.59 0.84     0.71 0.03
V27    27 215  2.95  0.49   2.87    2.91  0.44 2.09  4.70  2.61 0.84     0.71 0.03
V28    28 215  2.96  0.49   2.88    2.92  0.44 2.09  4.73  2.63 0.83     0.71 0.03
V29    29 215  2.97  0.50   2.89    2.93  0.45 2.09  4.75  2.66 0.83     0.72 0.03
V30    30 215  2.98  0.50   2.90    2.94  0.45 2.09  4.79  2.69 0.83     0.72 0.03
V31    31 215  2.99  0.50   2.90    2.95  0.46 2.10  4.83  2.73 0.83     0.73 0.03
V32    32 215  3.00  0.51   2.92    2.96  0.47 2.10  4.86  2.77 0.83     0.74 0.03
V33    33 215  3.01  0.51   2.92    2.97  0.47 2.10  4.90  2.80 0.83     0.74 0.04
V34    34 215  3.02  0.52   2.93    2.98  0.48 2.10  4.94  2.84 0.83     0.75 0.04
V35    35 215  3.03  0.52   2.94    2.99  0.48 2.11  4.98  2.87 0.83     0.75 0.04
V36    36 215  3.05  0.53   2.96    3.01  0.49 2.11  5.01  2.90 0.83     0.76 0.04
V37    37 215  3.06  0.53   2.97    3.02  0.49 2.12  5.05  2.93 0.83     0.76 0.04
V38    38 215  3.08  0.54   2.98    3.04  0.49 2.13  5.09  2.96 0.83     0.76 0.04
V39    39 215  3.10  0.54   3.00    3.05  0.49 2.14  5.12  2.98 0.83     0.77 0.04
V40    40 215  3.11  0.54   3.02    3.07  0.49 2.15  5.15  3.00 0.83     0.77 0.04
V41    41 215  3.13  0.55   3.04    3.09  0.50 2.17  5.18  3.01 0.83     0.77 0.04
V42    42 215  3.15  0.55   3.05    3.10  0.51 2.18  5.19  3.00 0.84     0.77 0.04
V43    43 215  3.16  0.55   3.06    3.12  0.50 2.20  5.19  2.98 0.84     0.76 0.04
V44    44 215  3.17  0.54   3.07    3.13  0.50 2.22  5.17  2.95 0.85     0.76 0.04
V45    45 215  3.18  0.54   3.08    3.14  0.49 2.24  5.15  2.91 0.86     0.76 0.04
V46    46 215  3.20  0.53   3.10    3.15  0.49 2.27  5.13  2.87 0.87     0.76 0.04
V47    47 215  3.21  0.53   3.11    3.17  0.49 2.29  5.12  2.82 0.88     0.77 0.04
V48    48 215  3.23  0.53   3.13    3.18  0.49 2.32  5.11  2.79 0.89     0.77 0.04
V49    49 215  3.25  0.53   3.16    3.21  0.48 2.35  5.12  2.76 0.90     0.78 0.04
V50    50 215  3.29  0.53   3.19    3.24  0.48 2.39  5.14  2.74 0.91     0.80 0.04
V51    51 215  3.32  0.53   3.23    3.28  0.49 2.43  5.17  2.73 0.92     0.82 0.04
V52    52 215  3.37  0.53   3.28    3.32  0.48 2.48  5.21  2.73 0.94     0.84 0.04
V53    53 215  3.41  0.53   3.33    3.37  0.47 2.53  5.25  2.73 0.95     0.87 0.04
V54    54 215  3.46  0.53   3.38    3.41  0.47 2.57  5.30  2.73 0.96     0.90 0.04
V55    55 215  3.51  0.53   3.42    3.46  0.46 2.61  5.34  2.73 0.97     0.92 0.04
V56    56 215  3.54  0.54   3.47    3.49  0.46 2.65  5.38  2.73 0.98     0.94 0.04
V57    57 215  3.57  0.54   3.50    3.52  0.47 2.67  5.41  2.74 0.98     0.95 0.04
V58    58 215  3.59  0.54   3.53    3.54  0.49 2.69  5.43  2.74 0.99     0.95 0.04
V59    59 215  3.60  0.54   3.54    3.55  0.49 2.71  5.45  2.74 0.99     0.95 0.04
V60    60 215  3.61  0.54   3.54    3.56  0.49 2.72  5.45  2.74 0.99     0.95 0.04
V61    61 215  3.62  0.54   3.55    3.57  0.49 2.72  5.46  2.74 0.99     0.95 0.04
V62    62 215  3.62  0.54   3.56    3.57  0.48 2.73  5.47  2.74 0.99     0.95 0.04
V63    63 215  3.62  0.54   3.56    3.57  0.48 2.73  5.47  2.74 0.99     0.95 0.04
V64    64 215  3.62  0.55   3.56    3.57  0.48 2.73  5.47  2.74 1.00     0.95 0.04
V65    65 215  3.62  0.55   3.55    3.57  0.48 2.73  5.47  2.74 1.00     0.95 0.04
V66    66 215  3.62  0.55   3.55    3.56  0.48 2.73  5.47  2.74 1.00     0.95 0.04
V67    67 215  3.61  0.55   3.54    3.56  0.48 2.73  5.47  2.74 1.00     0.94 0.04
V68    68 215  3.61  0.55   3.53    3.55  0.49 2.72  5.46  2.73 1.00     0.94 0.04
V69    69 215  3.60  0.55   3.52    3.54  0.48 2.72  5.45  2.73 1.00     0.93 0.04
V70    70 215  3.59  0.55   3.51    3.53  0.48 2.71  5.44  2.73 0.99     0.93 0.04
V71    71 215  3.57  0.55   3.50    3.52  0.48 2.70  5.43  2.73 0.99     0.92 0.04
V72    72 215  3.56  0.55   3.49    3.51  0.48 2.69  5.42  2.73 0.99     0.91 0.04
V73    73 215  3.55  0.55   3.48    3.49  0.48 2.68  5.41  2.73 0.99     0.90 0.04
V74    74 215  3.53  0.55   3.46    3.48  0.49 2.66  5.40  2.73 0.99     0.90 0.04
V75    75 215  3.51  0.54   3.45    3.46  0.49 2.65  5.38  2.74 0.98     0.89 0.04
V76    76 215  3.50  0.54   3.43    3.44  0.50 2.63  5.37  2.74 0.98     0.88 0.04
V77    77 215  3.48  0.54   3.40    3.43  0.50 2.62  5.36  2.74 0.98     0.87 0.04
V78    78 215  3.46  0.54   3.38    3.41  0.51 2.60  5.34  2.74 0.97     0.85 0.04
V79    79 215  3.44  0.54   3.37    3.39  0.51 2.59  5.33  2.74 0.97     0.84 0.04
V80    80 215  3.42  0.54   3.35    3.37  0.51 2.57  5.32  2.75 0.97     0.83 0.04
V81    81 215  3.41  0.54   3.33    3.35  0.52 2.55  5.31  2.76 0.96     0.82 0.04
V82    82 215  3.39  0.54   3.30    3.34  0.52 2.53  5.30  2.76 0.96     0.80 0.04
V83    83 215  3.37  0.54   3.28    3.32  0.52 2.51  5.28  2.77 0.95     0.79 0.04
V84    84 215  3.35  0.54   3.26    3.30  0.52 2.50  5.27  2.78 0.95     0.78 0.04
V85    85 215  3.33  0.54   3.23    3.28  0.52 2.48  5.26  2.78 0.94     0.77 0.04
V86    86 215  3.31  0.54   3.21    3.26  0.52 2.46  5.24  2.78 0.94     0.75 0.04
V87    87 215  3.28  0.54   3.18    3.23  0.52 2.44  5.22  2.78 0.93     0.74 0.04
V88    88 215  3.26  0.54   3.16    3.21  0.52 2.42  5.20  2.78 0.93     0.72 0.04
V89    89 215  3.24  0.54   3.13    3.19  0.52 2.40  5.18  2.78 0.93     0.71 0.04
V90    90 215  3.22  0.54   3.11    3.17  0.52 2.38  5.16  2.78 0.92     0.70 0.04
V91    91 215  3.20  0.54   3.09    3.15  0.52 2.36  5.14  2.79 0.92     0.69 0.04
V92    92 215  3.18  0.54   3.08    3.13  0.52 2.34  5.13  2.79 0.91     0.68 0.04
V93    93 215  3.16  0.54   3.06    3.11  0.52 2.32  5.11  2.79 0.91     0.66 0.04
V94    94 215  3.14  0.54   3.04    3.09  0.52 2.30  5.10  2.79 0.91     0.65 0.04
V95    95 215  3.12  0.54   3.01    3.07  0.51 2.28  5.08  2.80 0.90     0.64 0.04
V96    96 215  3.10  0.54   2.99    3.05  0.51 2.26  5.06  2.80 0.90     0.63 0.04
V97    97 215  3.08  0.54   2.97    3.03  0.51 2.24  5.04  2.80 0.90     0.62 0.04
V98    98 215  3.06  0.54   2.95    3.01  0.51 2.22  5.02  2.79 0.90     0.61 0.04
V99    99 215  3.04  0.54   2.94    2.99  0.51 2.21  4.99  2.79 0.89     0.60 0.04
V100  100 215  3.02  0.54   2.92    2.98  0.51 2.19  4.97  2.78 0.89     0.59 0.04
fat   101 215 18.14 12.74  14.00   16.70 11.27 0.90 49.10 48.20 0.80    -0.45 0.87
> 
> lmod <- lm(fat ~ .,data=hw13) 
> summary(lmod) 

Call:
lm(formula = fat ~ ., data = hw13)

Residuals:
    Min      1Q  Median      3Q     Max 
-2.9833 -0.4982  0.0135  0.4864  3.1727 

Coefficients:
              Estimate Std. Error t value Pr(>|t|)    
(Intercept)      7.302      1.876   3.892 0.000168 ***
V1           10898.047   3003.614   3.628 0.000428 ***
V2          -12174.864   5520.233  -2.205 0.029426 *  
V3           -5953.285   8868.517  -0.671 0.503398    
V4           23229.862  15426.530   1.506 0.134875    
V5          -28386.219  19758.501  -1.437 0.153554    
V6           12748.270  17381.421   0.733 0.464794    
V7          -11422.335  11454.169  -0.997 0.320769    
V8            7102.332   7123.935   0.997 0.320892    
V9             783.655   5228.808   0.150 0.881130    
V10           3512.239   6787.803   0.517 0.605856    
V11         -10547.574  10580.407  -0.997 0.320926    
V12          34638.288  18344.772   1.888 0.061543 .  
V13         -38705.447  23098.395  -1.676 0.096542 .  
V14          28895.947  19952.355   1.448 0.150293    
V15         -13726.347  13312.307  -1.031 0.304676    
V16          -7062.769   8172.878  -0.864 0.389308    
V17           2571.597   6279.661   0.410 0.682932    
V18           5263.427   6183.397   0.851 0.396432    
V19           8860.827   8925.154   0.993 0.322914    
V20         -12149.937  15184.189  -0.800 0.425276    
V21         -19284.872  20536.132  -0.939 0.349680    
V22          36626.953  22847.592   1.603 0.111680    
V23         -11165.390  19302.712  -0.578 0.564111    
V24         -15008.939  13616.072  -1.102 0.272655    
V25          16698.992   8582.462   1.946 0.054151 .  
V26          -4891.852   5901.456  -0.829 0.408880    
V27          -6334.752   6072.685  -1.043 0.299084    
V28          24043.786   8144.906   2.952 0.003834 ** 
V29         -39940.900  12335.575  -3.238 0.001578 ** 
V30          33309.092  17674.622   1.885 0.062034 .  
V31         -23174.509  20974.708  -1.105 0.271539    
V32          18764.305  18959.821   0.990 0.324423    
V33          -3747.892  13458.994  -0.278 0.781158    
V34          -6671.747   9353.448  -0.713 0.477122    
V35          -5318.549   7534.861  -0.706 0.481716    
V36          10488.898   5773.159   1.817 0.071869 .  
V37          -8410.539   5892.265  -1.427 0.156202    
V38           -408.228   7970.269  -0.051 0.959241    
V39          19815.971  11338.219   1.748 0.083206 .  
V40         -23690.179  15971.026  -1.483 0.140748    
V41          29398.659  19340.032   1.520 0.131256    
V42         -32055.252  20639.448  -1.553 0.123170    
V43          11826.000  17491.895   0.676 0.500356    
V44          -9994.257  11435.392  -0.874 0.383969    
V45          23017.798   8927.175   2.578 0.011200 *  
V46          -9041.633   6218.630  -1.454 0.148705    
V47          -4846.799   3520.124  -1.377 0.171246    
V48           1536.042   4401.789   0.349 0.727764    
V49           2188.418   7363.225   0.297 0.766848    
V50         -13170.870   9829.843  -1.340 0.182947    
V51          26420.737  13371.372   1.976 0.050580 .  
V52         -23565.834  16339.395  -1.442 0.151968    
V53          -2005.210  16742.496  -0.120 0.904878    
V54          30327.413  14023.378   2.163 0.032658 *  
V55         -31802.344  10650.780  -2.986 0.003461 ** 
V56          12428.271   6395.916   1.943 0.054463 .  
V57           -102.107   4676.993  -0.022 0.982620    
V58            210.251   4388.133   0.048 0.961869    
V59          -7679.011   4511.526  -1.702 0.091465 .  
V60          11590.949   3967.244   2.922 0.004199 ** 
V61          -6559.639   3756.703  -1.746 0.083485 .  
V62           2533.819   3939.248   0.643 0.521370    
V63          11950.924   5296.267   2.256 0.025947 *  
V64         -18515.851   7070.171  -2.619 0.010021 *  
V65           4051.697   8539.248   0.474 0.636066    
V66            222.861   9691.472   0.023 0.981694    
V67          10439.030  10111.231   1.032 0.304061    
V68         -22570.742   9493.417  -2.378 0.019094 *  
V69          17285.149   8168.742   2.116 0.036520 *  
V70            -45.036   7357.838  -0.006 0.995127    
V71          -8134.714   6796.093  -1.197 0.233802    
V72          -1768.780   6344.295  -0.279 0.780905    
V73          15744.948   5531.706   2.846 0.005246 ** 
V74         -11219.545   5666.910  -1.980 0.050132 .  
V75           5289.427   5067.718   1.044 0.298810    
V76          -2454.612   4760.274  -0.516 0.607101    
V77            740.608   4922.688   0.150 0.880677    
V78          -5730.806   5518.607  -1.038 0.301257    
V79          12166.493   6026.835   2.019 0.045863 *  
V80         -22688.979   7023.823  -3.230 0.001616 ** 
V81          14991.763   8595.338   1.744 0.083824 .  
V82           3331.367   9984.910   0.334 0.739264    
V83          -6651.082  11358.746  -0.586 0.559337    
V84          -6752.949  12405.922  -0.544 0.587276    
V85          16271.066  12434.546   1.309 0.193323    
V86           5512.031  13689.180   0.403 0.687955    
V87         -21092.220  15770.171  -1.337 0.183730    
V88           9657.690  15143.593   0.638 0.524921    
V89            273.586  13103.448   0.021 0.983379    
V90          -5489.915  13927.199  -0.394 0.694180    
V91           2891.941  15479.740   0.187 0.852133    
V92          10160.850  14407.777   0.705 0.482103    
V93          -3183.235  11882.686  -0.268 0.789269    
V94          -7330.650  10959.287  -0.669 0.504913    
V95           5551.521   9450.485   0.587 0.558075    
V96          -3320.415   8349.562  -0.398 0.691613    
V97          -2512.787   7974.922  -0.315 0.753272    
V98          -5979.563   7355.289  -0.813 0.417935    
V99           8283.253   7911.765   1.047 0.297336    
V100          -101.926   3591.166  -0.028 0.977407    
---
Signif. codes:  0 ‘***’ 0.001 ‘**’ 0.01 ‘*’ 0.05 ‘.’ 0.1 ‘ ’ 1

Residual standard error: 1.22 on 114 degrees of freedom
Multiple R-squared:  0.9951,    Adjusted R-squared:  0.9908 
F-statistic:   232 on 100 and 114 DF,  p-value: < 2.2e-16

> 
> rgmod <- lm.ridge(fat ~ .,data=hw13, lambda = seq(0, 6e-08, len=21))
> 
> windows(7,7)
> #save graph(s) in pdf
>   pdf(file="C:/Users/jmard/OneDrive/Desktop/RegressionMethodsSpring2020/Homework/HW13_Figures.pdf")
> 
> matplot(rgmod$lambda, coef(rgmod), type="l", xlab=expression(lambda),ylab=expression(hat(beta)),col=1)
> which.min(rgmod$GCV)  #use the generalized cross validation (GCV) estimate
3.0e-08 
     11 
> abline(v=3.0e-08)
> rgmod$coef  #prints out the coefficients
          0.0e+00     3.0e-09       6.0e-09     9.0e-09     1.2e-08
V1     4466.42092   4338.1452   4252.799851   4192.0979   4145.9725
V2    -5020.78889  -5278.2512  -5354.793659  -5376.7388  -5374.9619
V3    -2470.23970   -960.6362   -247.318978    182.0426    471.2615
V4     9698.25870   6924.4942   5594.097025   4759.1875   4163.9740
V5   -11923.91822  -8703.5132  -7227.365474  -6332.9361  -5711.4218
V6     5388.04460   3120.3231   2150.893047   1592.5993   1217.5174
V7    -4857.38133  -3784.0483  -3377.939157  -3161.6546  -3020.4777
V8     3038.85747   2739.5423   2655.772293   2629.6927   2622.9006
V9      337.36741    317.7620    281.224943    240.5006    201.2338
V10    1521.44451    952.7991    662.427819    496.7290    396.7537
V11   -4597.57407  -2641.3084  -1580.985427   -901.9813   -426.9490
V12   15193.37472  11029.8718   8863.719630   7498.9925   6547.2025
V13  -17085.21001 -11635.0578  -8891.332088  -7213.2929  -6071.3559
V14   12837.50553   8375.7339   6202.199716   4914.5348   4062.1663
V15   -6138.35802  -4458.3320  -3725.832560  -3343.3458  -3121.4596
V16   -3179.70560  -3105.9702  -2960.581726  -2820.8276  -2698.0570
V17    1165.70069   1655.0846   1813.834336   1886.6152   1927.1649
V18    2402.65404   1991.5200   1837.117775   1766.4375   1732.1290
V19    4073.94421   3546.2170   3248.097270   3012.1810   2805.7031
V20   -5627.74626  -5127.3806  -5020.025383  -4974.4206  -4936.5715
V21   -9000.39993  -8174.8433  -7317.782194  -6605.9045  -6019.8299
V22   17224.10849  14896.9884  13337.882854  12203.9360  11329.5477
V23   -5289.70137  -3196.0482  -2144.142947  -1514.1327  -1099.0105
V24   -7161.46399  -7470.4904  -7357.675681  -7133.5560  -6882.1892
V25    8022.52770   7250.9596   6599.287356   6049.2316   5581.5122
V26   -2365.92204  -2115.6869  -1898.968056  -1721.9919  -1578.4788
V27   -3084.62444  -2366.2568  -1890.734816  -1520.9848  -1216.2728
V28   11793.09506  10390.7206   9416.464977   8655.6991   8032.8073
V29  -19747.18172 -16967.8218 -15332.321708 -14171.4771 -13275.0804
V30   16613.93586  11887.4308   9536.406305   8053.0806   7003.6437
V31  -11668.80931  -6585.0917  -4299.638531  -2976.9278  -2108.6522
V32    9540.68730   5944.4605   4455.589606   3666.4497   3192.1781
V33   -1923.98768    171.6217    909.288048   1220.1170   1354.7837
V34   -3456.42140  -4784.9135  -5114.467328  -5157.0773  -5096.7807
V35   -2779.49818  -1922.6423  -1697.089571  -1657.4869  -1688.0737
V36    5528.68697   4987.1614   4667.998211   4444.1909   4274.3116
V37   -4471.33183  -4254.9541  -3957.933941  -3672.0661  -3411.9644
V38    -218.86450    844.1970   1256.478930   1448.3751   1541.8164
V39   10706.41891   7271.3748   5549.796282   4492.1969   3774.1894
V40  -12879.96800  -7389.4894  -4744.634119  -3165.6171  -2119.8014
V41   16045.70444   9927.3992   7245.693065   5722.3627   4738.3414
V42  -17508.99262 -12326.6487 -10267.267668  -9153.6671  -8448.1519
V43    6442.75580   2830.7325   1403.434409    625.2645    129.7851
V44   -5414.75552  -2969.9661  -1761.004885   -979.9121   -416.0065
V45   12377.92416  10997.7312  10138.421561   9505.7044   9006.4684
V46   -4823.22614  -4458.7697  -4218.818317  -4035.0299  -3884.7520
V47   -2566.76354  -2469.8745  -2364.260860  -2267.6117  -2181.4202
V48     808.98727    728.5479    624.555747    518.2623    415.5200
V49    1148.65184    801.6816    572.733644    417.6260    310.7812
V50   -6904.15051  -5660.2432  -4729.279252  -4008.5700  -3435.5406
V51   13859.84008  11730.9438  10310.275896   9225.6800   8353.4292
V52  -12393.74628 -10382.6028  -9414.722161  -8753.5698  -8235.7856
V53   -1058.80299  -1802.5112  -1614.215446  -1310.3490  -1023.2840
V54   16091.85929  15598.3719  14540.648388  13537.7648  12661.9328
V55  -16960.89527 -16168.0599 -15102.602879 -14134.1653 -13293.1553
V56    6659.84026   6117.2171   5530.140164   5029.8317   4611.2295
V57     -54.93272    281.9797    523.997756    686.4442    797.0994
V58     113.45448   -116.9831   -290.632634   -412.5306   -499.0257
V59   -4153.14109  -3735.3700  -3379.735393  -3082.1424  -2829.8248
V60    6279.10718   5662.4190   5156.812331   4734.6068   4374.4761
V61   -3558.16714  -3050.2308  -2626.247193  -2274.5752  -1978.2679
V62    1375.85359   1245.3215   1151.576669   1084.4719   1035.9859
V63    6495.28446   6091.5093   5700.380226   5340.8582   5013.4048
V64  -10070.91922  -9774.3134  -9433.497450  -9109.2135  -8809.5043
V65    2205.05014   2278.5508   2229.245390   2173.4074   2124.6667
V66     121.32942   -135.5230   -143.934780   -121.7590   -102.2115
V67    5684.05930   5507.7462   5098.879822   4715.9797   4387.4888
V68  -12289.21690 -11586.2113 -10711.875639  -9926.5830  -9248.2354
V69    9410.36617   8691.1438   7949.524269   7311.1542   6771.5480
V70     -24.51469    920.2675   1563.050844   2020.4548   2355.5868
V71   -4426.89411  -5147.3568  -5502.529086  -5695.6301  -5799.8350
V72    -962.28566   -260.6672      5.271463    125.9476    183.8948
V73    8563.64616   8160.8220   7927.977759   7749.3008   7595.4390
V74   -6100.92459  -6312.5469  -6321.063248  -6265.3277  -6185.5786
V75    2875.42860   3126.1267   3124.360091   3057.5691   2973.2254
V76   -1333.78981  -1634.3200  -1771.184372  -1863.2527  -1936.4483
V77     402.28368    245.1056    188.237017    186.1402    211.9473
V78   -3111.95716  -2881.0953  -2728.026617  -2616.8817  -2528.7274
V79    6606.42803   6260.7331   6012.198399   5814.7356   5646.4648
V80  -12321.44115 -11069.9979 -10206.602587  -9556.5780  -9038.5574
V81    8143.72973   6804.7347   5913.815596   5269.1791   4775.9586
V82    1810.29437   2318.7833   2615.173064   2802.4789   2926.5000
V83   -3615.52202  -3091.8209  -2825.068206  -2650.4854  -2520.5840
V84   -3671.70525  -4103.3086  -4120.251609  -4026.4707  -3901.5934
V85    8845.86468   8375.9123   7756.651973   7190.0323   6698.8954
V86    2995.08467   2762.4357   2829.173777   2923.5952   3001.1426
V87  -11450.08987  -9807.3474  -8833.247992  -8140.1964  -7602.2238
V88    5236.62444   3253.4507   1987.203719   1104.9129    455.2144
V89     148.17986   1160.9087   1783.074879   2169.7467   2416.8048
V90   -2970.94974  -3054.3597  -2936.067976  -2738.3449  -2519.8364
V91    1564.20471   2202.6859   2414.789971   2458.0494   2431.0751
V92    5493.92410   4381.1925   3668.812808   3168.0217   2793.3437
V93   -1720.58433  -1474.0687  -1213.759880   -975.9957   -769.5427
V94   -3960.44658  -3323.4490  -2968.658373  -2758.1255  -2622.4336
V95    2997.12702   2249.8771   1764.188802   1435.2190   1201.3422
V96   -1790.71417  -1085.7098   -652.876062   -361.5268   -156.7990
V97   -1353.06962  -1775.3226  -2032.515098  -2201.2195  -2313.6709
V98   -3213.00845  -2538.1095  -2026.846066  -1644.5928  -1352.5222
V99    4438.64116   3257.5998   2410.336031   1782.1361   1297.3245
V100    -54.43927    516.6516    911.840208   1200.4206   1421.3597
           1.5e-08      1.8e-08      2.1e-08      2.4e-08       2.7e-08
V1     4109.055892   4078.28088   4051.78177   4028.36489   4007.234782
V2    -5360.712896  -5339.12769  -5312.92109  -5283.68174  -5252.409831
V3      678.581068    832.91865    950.61844   1041.77534   1113.035749
V4     3708.287058   3343.50888   3042.50215   2788.58143   2570.747307
V5    -5244.678053  -4876.69409  -4576.85411  -4326.66285  -4114.102833
V6      941.937037    727.77287    554.97105    411.79465    290.810231
V7    -2915.639592  -2831.07533  -2759.11276  -2695.67223  -2638.391064
V8     2622.840563   2624.72363   2626.57921   2627.58894   2627.442721
V9      165.309359    133.15875    104.66330     79.51075     57.339866
V10     335.150126    297.51408    275.56889    264.24756    260.295581
V11     -75.834833    193.67477    406.36661    577.84650    718.478933
V12    5840.172164   5291.80030   4852.87152   4492.97266   4192.184383
V13   -5239.700236  -4604.84590  -4103.17522  -3696.10762  -3358.813499
V14    3455.447904   3000.71870   2646.47939   2362.11773   2128.319444
V15   -2983.183496  -2892.21890  -2829.66015  -2784.92545  -2751.759266
V16   -2592.094314  -2500.57346  -2421.01807  -2351.30163  -2289.696612
V17    1952.687937   1970.01336   1982.28716   1991.13582   1997.484248
V18    1715.974307   1709.55119   1708.50261   1710.40418   1713.840689
V19    2618.687189   2446.92377   2288.07996   2140.57486   2003.194594
V20   -4895.989206  -4851.38622  -4803.51748  -4753.43616  -4702.067238
V21   -5530.226612  -5114.33919  -4755.73225  -4442.52312  -4165.971797
V22   10627.188367  10045.95790   9553.98007   9130.11825   8759.712029
V23    -808.226111   -595.59202   -435.03800   -310.74344   -212.568313
V24   -6631.945328  -6393.05249  -6168.89089  -5960.05433  -5765.983153
V25    5179.764821   4831.15985   4525.80166   4256.03392   4015.876570
V26   -1461.614070  -1365.79099  -1286.64557  -1220.81568  -1165.702847
V27    -957.557287   -733.73043   -537.48667   -363.66530   -208.446049
V28    7508.637110   7059.14480   6668.15635   6324.16256   6018.651057
V29  -12548.879678 -11941.85735 -11423.01729 -10972.01189 -10574.725063
V30    6209.594923   5581.67214   5069.34956   4641.46538   4277.553454
V31   -1493.560302  -1034.87754   -679.91865   -397.40355   -167.529876
V32    2884.117335   2673.04981   2522.66013   2412.23137   2329.184221
V33    1406.239963   1415.35002   1402.07758   1376.88577   1345.528088
V34   -4997.953190  -4886.73081  -4774.53371  -4666.43814  -4564.583611
V35   -1747.181459  -1817.13786  -1889.75088  -1961.06587  -2029.181814
V36    4138.823238   4026.84984   3931.73736   3849.15342   3776.147375
V37   -3177.961240  -2967.33518  -2776.97212  -2604.03829  -2446.113777
V38    1585.126524   1601.01904   1601.33631   1592.69126   1578.954991
V39    3255.622540   2864.64663   2560.27356   2317.31819   2119.428166
V40   -1382.144485   -839.18085   -427.01622   -106.79644    146.493463
V41    4050.027641   3541.20088   3149.28007   2837.60401   2583.305869
V42   -7954.398424  -7584.15925  -7292.14603  -7052.84564  -6850.843755
V43    -215.147448   -469.24499   -663.71867   -816.63579   -939.272550
V44      15.545022    357.79373    635.86727    865.82485   1058.589476
V45    8596.942046   8252.17951   7956.33557   7698.63577   7471.402339
V46   -3757.405032  -3647.00092  -3549.72913  -3462.97276  -3384.837423
V47   -2104.501243  -2035.38002  -1972.76352  -1915.60134  -1863.056016
V48     318.466875    227.80859    143.61109     65.64315     -6.459358
V49     236.331935    184.13501    147.51485    121.96228    104.362458
V50   -2970.113608  -2585.47681  -2263.02028  -1989.42117  -1754.889005
V51    7631.279111   7021.48723   6498.85802   6045.57833   5648.557258
V52   -7804.687493  -7434.01943  -7108.98908  -6820.10789  -6560.750434
V53    -775.465090   -566.18528   -389.99742   -241.19602   -114.861503
V54   11906.049985  11251.26102  10679.68108  10176.55178   9730.110851
V55  -12564.644952 -11929.28530 -11370.31325 -10874.28700 -10430.604406
V56    4257.844643   3955.53496   3693.55596   3463.88551   3260.491326
V57     873.906431    927.97055    966.32506    993.56524   1012.782997
V58    -561.342625   -606.72298   -639.92175   -664.15281   -681.650752
V59   -2612.814827  -2423.83946  -2257.54747  -2109.92139  -1977.881581
V60    4062.065636   3787.40772   3543.31638   3324.44256   3126.698479
V61   -1724.663130  -1504.64755  -1311.56553  -1140.45020   -987.516730
V62    1000.628699    974.67434    955.55027    941.44459    931.057601
V63    4715.257872   4443.15989   4194.04650   3965.21148   3754.315765
V64   -8533.807189  -8279.83549  -8045.13317  -7827.46086  -7624.870396
V65    2083.199836   2047.34223   2015.55254   1986.68087   1959.917755
V66     -89.960683    -84.17322    -83.18701    -85.52521    -90.058237
V67    4109.013066   3871.73559   3667.64403   3490.30565   3334.712821
V68   -8662.767788  -8153.66239  -7706.89714  -7311.32932  -6958.220898
V69    6313.015005   5919.50888   5578.32123   5279.64576   5015.909152
V70    2605.686261   2794.32791   2937.25416   3045.41466   3126.671869
V71   -5849.957100  -5865.09103  -5856.68583  -5832.04129  -5796.024482
V72     211.134548    222.27136    224.66361    222.27242    217.328127
V73    7455.709596   7325.38925   7202.09139   7084.47584   6971.718362
V74   -6096.879296  -6005.67503  -5914.92516  -5826.02232  -5739.604595
V75    2886.693820   2803.34214   2724.91590   2651.74968   2583.624275
V76   -1999.004896  -2054.22798  -2103.71944  -2148.39750  -2188.870503
V77     252.026692    299.17578    349.41409    400.46874    451.018400
V78   -2454.287286  -2388.70903  -2329.27470  -2274.36631  -2222.967477
V79    5496.795346   5360.15512   5233.37321   5114.51165   5002.305196
V80   -8609.276045  -8243.36349  -7924.82260  -7642.98531  -7390.412338
V81    4383.417992   4061.71480   3792.02715   3561.83415   3362.448257
V82    3010.599453   3067.98085   3106.68345   3131.88685   3147.079103
V83   -2416.307366  -2328.45228  -2251.99174  -2183.92413  -2122.330635
V84   -3772.072159  -3647.42050  -3530.89417  -3423.25435  -3324.248353
V85    6276.489445   5911.69558   5594.28101   5315.81316   5069.552473
V86    3056.615061   3092.85839   3113.85448   3123.12947   3123.491630
V87   -7163.502655  -6794.33153  -6476.86886  -6199.45394  -5953.990783
V88     -41.313543   -431.01617   -743.06012   -996.84710  -1205.839610
V89    2576.676903   2679.56167   2743.84453   2781.24960   2799.540347
V90   -2304.296436  -2101.01469  -1913.12231  -1741.06718  -1584.144275
V91    2374.518976   2306.57195   2235.78380   2166.23822   2099.837047
V92    2501.079901   2266.20837   2073.18595   1911.76002   1774.849916
V93    -593.233846   -443.21682   -315.35531   -205.94886   -111.884370
V94   -2528.179854  -2458.27270  -2403.41510  -2358.28025  -2319.680578
V95    1028.522819    896.86096    794.04311    712.08218    645.594096
V96      -9.063758     99.49432    180.27690    240.89883    286.611085
V97   -2388.307794  -2436.72001  -2466.54913  -2482.99854  -2489.700040
V98   -1124.652646   -943.81226   -798.32769   -680.01388   -582.969952
V99     911.515976    597.27986    336.68859    117.46577    -69.118914
V100   1596.389752   1738.57429   1856.29965   1955.23859   2039.390558
          3.0e-08     3.3e-08      3.6e-08      3.9e-08     4.2e-08     4.5e-08
V1     3987.84328  3969.80200  3952.829189  3936.716254  3921.30604  3906.47830
V2    -5219.77009 -5186.22258 -5152.095795 -5117.629873 -5083.00362 -5048.35201
V3     1168.99011  1212.92843  1247.279076  1273.877756  1294.13991  1309.17522
V4     2381.36233  2214.90783  2067.268949  1935.298830  1816.54015  1709.04018
V5    -3930.92762 -3771.23624 -3630.664667 -3505.898943 -3394.36740 -3294.03801
V6      187.01807    96.89479    17.864484   -52.012369  -114.23156  -169.96976
V7    -2585.80188 -2536.93877 -2491.134071 -2447.906800 -2406.89807 -2367.83195
V8     2626.06432  2623.48614  2619.789152  2615.073289  2609.44261  2602.99805
V9       37.79851    20.56538     5.355981    -8.077974   -19.95171   -30.45136
V10     261.54283   266.49846   274.113194   283.633876   294.51104   306.33849
V11     835.43692   933.85012  1017.486476  1089.176122  1151.08538  1204.89966
V12    3936.85916  3717.30417  3526.429973  3358.922669  3210.71568  3078.64103
V13   -3074.55034 -2831.59611 -2621.485418 -2437.943672 -2276.21605 -2132.63004
V14    1932.30825  1765.30028  1621.059337  1495.035783  1383.83194  1284.85843
V15   -2726.30157 -2706.08710 -2689.496567 -2675.441541 -2663.17631 -2652.18188
V16   -2234.82234 -2185.57733 -2141.079184 -2100.616154 -2063.60967 -2029.58559
V17    2001.90307  2004.76992  2006.350188  2006.840021  2006.39055  2005.12222
V18    1717.96071  1722.24374  1726.370857  1730.149312  1733.46688  1736.26339
V19    1874.94049  1754.96014  1642.511340  1536.940342  1437.66717  1344.17467
V20   -4650.13303 -4598.17157 -4546.573655 -4495.617919 -4445.49918 -4396.35019
V21   -3919.51742 -3698.13621 -3497.910614 -3315.735198 -3149.11197 -2996.00511
V22    8432.21792  8139.82444  7876.598773  7637.939186  7420.21144  7220.50014
V23    -133.72914   -69.52857   -16.619968    27.438535    64.46519    95.83778
V24   -5585.66835 -5417.96689 -5261.743707 -5115.932934 -4979.56087 -4851.75056
V25    3800.60582  3606.44731  3430.352102  3269.831905  3122.83665  2987.66250
V26   -1119.28349 -1079.96772 -1046.495185 -1017.858199  -993.24467  -971.99531
V27     -68.90535    57.25094   171.859207   276.413522   372.14623   460.08578
V28    5745.14278  5498.59406  5275.005993  5071.158834  4884.42585  4712.63940
V29  -10220.95023 -9903.06644 -9615.234804 -9352.886190 -9112.38112 -8890.77653
V30    3963.51137  3689.24722  3447.314919  3232.080302  3039.18899  2865.21447
V31      22.87499   182.92585   319.135742   436.284822   537.96162   626.91286
V32    2265.50085  2215.86795  2176.649976  2145.291780  2119.95616  2099.29596
V33    1311.27091  1276.00336  1240.823953  1206.364969  1172.97835  1140.84536
V34   -4469.69315 -4381.79726 -4300.594387 -4225.635784 -4156.42144 -4092.44963
V35   -2093.24685 -2152.96197 -2208.322627 -2259.479008 -2306.65847 -2350.12190
V36    3710.63868  3651.11878  3596.468148  3545.839342  3498.57978  3454.17926
V37   -2301.17360 -2167.53105 -2043.778564 -1928.736082 -1821.40847 -1720.95134
V38    1562.46818  1544.67607  1526.480852  1508.446040  1490.91952  1474.10969
V39    1955.52149  1817.82509  1700.730356  1600.093062  1512.78833  1436.41822
V40     349.68839   514.52793   649.441085   760.629569   852.75218   929.37184
V41    2371.40884  2191.71012  2037.029508  1902.173636  1783.29701  1677.49362
V42   -6676.30159 -6522.65274 -6385.348887 -6261.138537 -6147.63307 -6043.03553
V43   -1039.08287 -1121.22092 -1189.381522 -1246.292300 -1294.01650 -1334.14701
V44    1221.93192  1361.57055  1481.826035  1586.033172  1676.81148  1756.24937
V45    7268.97207  7087.05432  6922.327292  6772.172615  6634.49461  6507.59363
V46   -3313.89830 -3249.05230 -3189.425885 -3134.314552 -3083.14155 -3035.42874
V47   -1814.45994 -1769.27720 -1727.073395 -1687.492743 -1650.24074 -1615.07113
V48     -73.11073  -134.73289  -191.733759  -244.496916  -293.37727  -338.70009
V49      92.52242    84.87327    80.277355    77.900424    77.12502    77.49076
V50   -1552.06695 -1375.31975 -1220.258206 -1083.413255  -962.00734  -853.79077
V51    5297.89576  4985.93904  4706.658555  4455.232910  4227.75479  4021.02090
V52   -6326.02303 -6112.16911 -5916.224352 -5735.800692 -5568.94289 -5414.02893
V53      -6.98368    85.65070   165.609760   234.953335   295.34391   348.13304
V54    9331.03706  8971.91060  8646.776746  8350.811468  8080.06936  7831.29379
V55  -10030.88881 -9668.46892 -9337.978243 -9035.054779 -8756.11707 -8498.19639
V56    3078.77379  2915.17137  2766.884670  2631.682240  2507.76235  2393.65304
V57    1026.11321  1035.06317  1040.717754  1043.870832  1045.11174  1044.88349
V58    -694.00897  -702.38898  -707.653799  -710.455452  -711.29377  -710.55688
V59   -1859.02173 -1751.42948 -1653.562167 -1564.158760 -1482.17637 -1406.74348
V60    2946.89138  2782.48138  2631.416087  2492.014445  2362.88313  2242.85517
V61    -849.82659  -725.06053  -611.361372  -507.222809  -411.40914  -322.89624
V62     923.44228   917.89938   913.906877   911.071484   909.09470   907.74862
V63    3559.35059  3378.59108  3210.552023  3053.949477  2907.66845  2770.73615
V64   -7435.69099 -7258.49324 -7092.051237 -6935.308934 -6787.35184 -6647.38375
V65    1934.70326  1910.65148  1887.496039  1865.052438  1843.19241  1821.82648
V66     -95.96622  -102.66772  -109.755824  -116.948842  -124.05429  -130.94302
V67    3196.98227  3074.08511  2963.636423  2863.738267  2772.86384  2689.77203
V68   -6640.69872 -6353.30937 -6091.680109 -5852.266630 -5632.16582 -5428.97616
V69    4781.20972  4570.89572  4381.257380  4209.302625  4052.59262  3909.11995
V70    3186.81712  3230.20589  3260.171039  3279.300511  3289.62917  3292.77445
V71   -5751.99167 -5702.31816 -5648.719405 -5592.454200 -5534.45773 -5475.43137
V72     211.12414   204.42304   197.676108   191.147289   184.98573   179.26942
V73    6863.26894  6758.73292  6657.808752  6560.253686  6465.86408  6374.46357
V74   -5655.93007 -5575.06076 -5496.957146 -5421.528361 -5348.65950 -5278.22654
V75    2520.12152  2460.77534  2405.135231  2352.790710  2303.37825  2256.58044
V76   -2225.58964 -2258.91698 -2289.158144 -2316.579287 -2341.41651 -2363.88167
V77     500.29417   547.85823   593.475982   637.039545   678.52068   717.94115
V78   -2174.40834 -2128.22794 -2084.096328 -2041.768742 -2001.05764 -1961.81504
V79    4895.87608  4794.58081  4697.924316  4605.509713  4517.00795  4432.13873
V80   -7161.72312 -6952.90598 -6760.892111 -6583.281866 -6418.16299 -6263.98630
V81    3187.63222  3032.77939  2894.405205  2769.819589  2656.90877  2553.98599
V82    3154.69410  3156.48023  3153.724192  3147.392422  3138.22351  3126.79041
V83   -2065.91605 -2013.76608 -1965.210676 -1919.742843 -1876.96836 -1836.57340
V84   -3233.23392 -3149.45207 -3072.146643 -3000.613985 -2934.22046 -2872.40495
V85    4850.14451  4653.32128  4475.656877  4314.378233  4167.22099  4032.32024
V86    3117.10126  3105.60260  3090.245896  3071.984808  3051.55034  3029.50586
V87   -5734.60173 -5536.87217 -5357.397022 -5193.493110 -5043.00859 -4904.19207
V88   -1379.69445 -1525.52711 -1648.698327 -1753.323164 -1842.61154 -1919.10237
V89    2804.01853  2798.39807  2785.336460  2766.769406  2744.12828  2718.48506
V90   -1441.19519 -1310.93332 -1192.093383 -1083.496351  -984.07310  -892.86812
V91    2037.37944  1979.09843  1924.937860  1874.699224  1828.12059  1784.91919
V92    1657.38500  1555.62578  1466.746534  1388.567878  1319.37924  1257.81756
V93     -30.60382    39.97793   101.559130   155.526601   203.01787   244.97090
V94   -2285.63727 -2254.88238 -2226.580580 -2200.167562 -2175.25325 -2151.56210
V95     590.83257   545.12099   506.503560   473.523446   445.07713   420.31636
V96     321.12753   347.13007   366.589513   380.975912   391.40003   398.71063
V97   -2489.23999 -2483.49140 -2473.830022 -2461.278659 -2446.60548 -2430.39238
V98    -502.83837  -436.33430  -380.937172  -334.682693  -296.01929  -263.70665
V99    -229.46767  -368.39588  -489.602933  -595.982351  -689.83252  -773.00370
V100   2111.67055  2174.26155  2228.835551  2276.697635  2318.88309  2356.22472
         4.8e-08     5.1e-08     5.4e-08     5.7e-08     6.0e-08
V1    3892.13972  3878.21702  3864.65199  3851.39791  3838.41694
V2   -5013.77799 -4979.36057 -4945.16069 -4911.22536 -4877.59080
V3    1319.86610  1326.92285  1330.92337  1332.34223  1331.57236
V4    1611.22385  1521.80428  1439.71816  1364.07816  1294.13722
V5   -3203.28040 -3120.76919 -3045.41453 -2976.31125 -2912.70083
V6    -220.16815  -265.59028  -306.86319  -344.50734  -378.95879
V7   -2330.49083 -2294.69921 -2260.31288 -2227.21137 -2195.29256
V8    2595.83396  2588.03685  2579.68501  2570.84884  2561.59135
V9     -39.73786   -47.95054   -55.21033   -61.62238   -67.27844
V10    318.81269   331.70487   344.84149   358.09028   371.35019
V11   1251.94895  1293.29588  1329.79898  1362.15872  1390.95178
V12   2960.19226  2853.35919  2756.51014  2668.30638  2587.63893
V13  -2004.30163 -1888.93276 -1784.66853 -1689.99438 -1603.66091
V14   1196.10644  1115.99292  1043.25273   976.86213   915.98327
V15  -2642.09239 -2632.64725 -2623.65940 -2614.99381 -2606.55269
V16  -1998.15228 -1968.98372 -1941.80658 -1916.39008 -1892.53813
V17   2003.13361  2000.50720  1997.31315  1993.61193  1989.45630
V18   1738.51251  1740.20990  1741.36540  1741.99774  1742.13104
V19   1255.99996  1172.72740  1093.98271  1019.42799   948.75750
V20  -4348.25782 -4301.27519 -4255.43051 -4210.73378 -4167.18166
V21  -2854.73601 -2723.90595 -2602.33845 -2489.03549 -2383.14385
V22   7036.43433  6866.06241  6707.76063  6560.16495  6422.11964
V23    122.61639   145.62759   165.52364   182.82464   197.94931
V24  -4731.71792 -4618.76430 -4512.26779 -4411.67464 -4316.49117
V25   2862.88192  2747.29000  2639.86271  2539.72420  2446.12096
V26   -953.57127  -937.52939  -923.50320  -911.18800  -900.32933
V27    541.09927   615.92435   685.19360   749.45333   809.17844
V28   4553.99257  4406.96554  4270.26961  4142.80413  4023.62274
V29  -8685.66122 -8495.03711 -8317.23167 -8150.83225 -7994.63604
V30   2707.41808  2563.58107  2431.88426  2310.82020  2199.12784
V31    705.27653   774.74151   836.65936   892.12427   942.03136
V32   2082.30634  2068.22653  2056.47284  2046.59222  2038.22927
V33   1110.04286  1080.58400  1052.44368  1025.57450   999.91693
V34  -4033.24167 -3978.35323 -3927.37840 -3879.94987 -3835.73715
V35  -2390.13903 -2426.97472 -2460.88159 -2492.09635 -2520.83836
V36   3412.23342  3372.41784  3334.46932  3298.17210  3263.34758
V37  -1626.64373 -1537.86635 -1454.08419 -1374.83246 -1299.70537
V38   1458.13387  1443.04951  1428.87482  1415.60243  1403.20861
V39   1369.11419  1309.40037  1256.09690  1208.25031  1165.08251
V40    993.25611  1046.58434  1091.09358  1128.18333  1158.99208
V41   1582.52791  1496.65262  1418.48281  1346.90668  1281.02145
V42  -5945.96537 -5855.34206 -5770.30564 -5690.16139 -5614.34050
V43  -1367.93514 -1396.37864 -1420.28341 -1440.30785 -1456.99519
V44   1826.03317  1887.53968  1941.90408  1990.07048  2032.83021
V45   6390.07515  6280.78313  6178.75040  6083.16107  5993.32159
V46  -2990.77543 -2948.84272 -2909.34163 -2872.02395 -2836.67512
V47  -1581.77600 -1550.17826 -1520.12576 -1491.48679 -1464.14648
V48   -380.76182  -419.83173  -456.15401  -489.94996  -521.42013
V49     78.65240    80.35002    82.38748    84.61668    86.92603
V50   -756.92249  -669.88172  -591.40159  -520.41861  -456.03370
V51   3832.37820  3659.60926  3500.84552  3354.50068  3219.21895
V52  -5269.69836 -5134.79937 -5008.34873 -4889.50101 -4777.52453
V53    394.42781   435.14185   471.03454   502.74134   530.79743
V54   7601.77321  7389.23155  7191.74384  7007.67062  6835.60655
V55  -8258.81001 -8035.86453 -7827.58140 -7632.43901 -7449.12705
V56   2288.13886  2190.20634  2099.00289  2013.80543  1933.99612
V57   1043.52272  1041.28770  1038.37822  1034.94994  1031.12492
V58   -708.54958  -705.51366  -701.64268  -697.09280  -691.99095
V59  -1337.12500 -1272.69565 -1212.91960 -1157.33446 -1105.53877
V60   2130.94409  2026.30894  1928.22749  1836.07520  1749.30865
V61   -240.82751  -164.48043   -93.24097   -26.58359    35.94435
V62    906.85849   906.28988   905.93922   905.72674   905.59104
V63   2642.30000  2521.60942  2408.00089  2300.88549  2199.73856
V64  -6514.70776 -6388.71078 -6268.85083 -6154.64666 -6045.66911
V65   1800.89198  1780.34494  1760.15435  1740.29825  1720.76099
V66   -137.53088  -143.76559  -149.61745  -155.07267  -160.12861
V67   2613.44390  2543.03511  2477.83994  2417.26375  2360.80174
V68  -5240.69270 -5065.62725 -4902.34713 -4749.62767 -4606.41495
V69   3777.21742  3655.48883  3542.75604  3438.01785  3340.41794
V70   3290.03416  3282.45835  3270.90287  3256.06977  3238.53834
V71  -5415.90474 -5356.27954 -5296.86106 -5237.88118 -5179.51545
V72    174.03199   169.27962   165.00167   161.17758   157.78124
V73   6285.89578  6200.01963  6116.70619  6035.83656  5957.30035
V74  -5210.10454 -5144.17206 -5080.31330 -5018.41918 -4958.38759
V75   2212.12203  2169.76496  2129.30334  2090.55884  2053.37664
V76  -2384.16614 -2402.44360 -2418.87211 -2433.59582 -2446.74642
V77    755.35374   790.82986   824.45146   856.30568   886.48130
V78  -1923.92112 -1887.27658 -1851.79745 -1817.41148 -1784.05554
V79   4350.65824  4272.35086  4197.02347  4124.50146  4054.62572
V80  -6119.47853 -5983.57979 -5855.39784 -5734.17397 -5619.25722
V81   2459.68682  2372.89413  2292.68335  2218.28178  2149.03800
V82   3113.54335  3098.84011  3082.96783  3066.15894  3048.60298
V83  -1798.30296 -1761.94618 -1727.32601 -1694.29177 -1662.71377
V84  -2814.67486 -2760.59943 -2709.80251 -2661.95551 -2616.77098
V85   3908.12731  3793.34612  3686.88396  3587.81325  3495.34156
V86   3006.28781  2982.23593  2957.61581  2932.63577  2907.45958
V87  -4775.59992 -4656.02915 -4544.46752 -4440.05604 -4342.06014
V88  -1984.82847 -2041.43509 -2090.26670 -2132.43151 -2168.85015
V89   2690.65118  2661.24645  2630.74777  2599.52427  2567.86298
V90   -809.03400  -731.82198  -660.57141  -594.69930  -533.69068
V91   1744.81411  1707.53782  1672.84162  1640.49756  1610.29850
V92   1202.78222  1153.37410  1108.85103  1068.59470  1032.08568
V93    282.16342   315.24395   344.75627   371.15881   394.84004
V94  -2128.89533 -2107.10663 -2086.08609 -2065.74948 -2046.03095
V95    398.58059   379.34939   362.20845   346.82480   332.92853
V96    403.56275   406.46627   407.82118   407.94339   407.08388
V97  -2413.08334 -2395.01901 -2376.46193 -2357.61506 -2338.63554
V98   -236.74273  -214.31029  -195.73709  -180.46589  -168.03159
V99   -847.00304  -913.07102  -972.23817 -1025.36775 -1073.18839
V100  2389.40069  2418.96915  2445.39395  2469.06382  2490.30709
> 
> rgmod$coef[,11]  #prints out the coefficients at 3.0e-08
          V1           V2           V3           V4           V5           V6 
  3987.84328  -5219.77009   1168.99011   2381.36233  -3930.92762    187.01807 
          V7           V8           V9          V10          V11          V12 
 -2585.80188   2626.06432     37.79851    261.54283    835.43692   3936.85916 
         V13          V14          V15          V16          V17          V18 
 -3074.55034   1932.30825  -2726.30157  -2234.82234   2001.90307   1717.96071 
         V19          V20          V21          V22          V23          V24 
  1874.94049  -4650.13303  -3919.51742   8432.21792   -133.72914  -5585.66835 
         V25          V26          V27          V28          V29          V30 
  3800.60582  -1119.28349    -68.90535   5745.14278 -10220.95023   3963.51137 
         V31          V32          V33          V34          V35          V36 
    22.87499   2265.50085   1311.27091  -4469.69315  -2093.24685   3710.63868 
         V37          V38          V39          V40          V41          V42 
 -2301.17360   1562.46818   1955.52149    349.68839   2371.40884  -6676.30159 
         V43          V44          V45          V46          V47          V48 
 -1039.08287   1221.93192   7268.97207  -3313.89830  -1814.45994    -73.11073 
         V49          V50          V51          V52          V53          V54 
    92.52242  -1552.06695   5297.89576  -6326.02303     -6.98368   9331.03706 
         V55          V56          V57          V58          V59          V60 
-10030.88881   3078.77379   1026.11321   -694.00897  -1859.02173   2946.89138 
         V61          V62          V63          V64          V65          V66 
  -849.82659    923.44228   3559.35059  -7435.69099   1934.70326    -95.96622 
         V67          V68          V69          V70          V71          V72 
  3196.98227  -6640.69872   4781.20972   3186.81712  -5751.99167    211.12414 
         V73          V74          V75          V76          V77          V78 
  6863.26894  -5655.93007   2520.12152  -2225.58964    500.29417  -2174.40834 
         V79          V80          V81          V82          V83          V84 
  4895.87608  -7161.72312   3187.63222   3154.69410  -2065.91605  -3233.23392 
         V85          V86          V87          V88          V89          V90 
  4850.14451   3117.10126  -5734.60173  -1379.69445   2804.01853  -1441.19519 
         V91          V92          V93          V94          V95          V96 
  2037.37944   1657.38500    -30.60382  -2285.63727    590.83257    321.12753 
         V97          V98          V99         V100 
 -2489.23999   -502.83837   -229.46767   2111.67055 
> 
> ##-------------End of Program for Ridge Regression on V1-V100 -----------------##
> 
> #Use the program above as a template to generate a ridge regression on variables V71-V100.
> 
> if (FALSE)
+ {"
+ QUESTION: Are the ridge regression estimates for V71-V100 at the GCV chosen lambda 
+  similar to the ridge regression estimates for V71-V100 at the GCV chosen 
+  lambda for the ridge regression performed on all 100 variables? 
+ 
+ HELPFUL HINT: #start your R program with these next 7 lines of code to select variables V71-V100.
+ "}
> 
> library(faraway)
> library(psych)
> library(QuantPsyc)
> library(MASS)
> hw13 <- meatspec[,-(1:70)]
> hw13 <- data.frame(hw13)  
> describe(hw13)
     vars   n  mean    sd median trimmed   mad  min   max range skew kurtosis
V71     1 215  3.57  0.55   3.50    3.52  0.48 2.70  5.43  2.73 0.99     0.92
V72     2 215  3.56  0.55   3.49    3.51  0.48 2.69  5.42  2.73 0.99     0.91
V73     3 215  3.55  0.55   3.48    3.49  0.48 2.68  5.41  2.73 0.99     0.90
V74     4 215  3.53  0.55   3.46    3.48  0.49 2.66  5.40  2.73 0.99     0.90
V75     5 215  3.51  0.54   3.45    3.46  0.49 2.65  5.38  2.74 0.98     0.89
V76     6 215  3.50  0.54   3.43    3.44  0.50 2.63  5.37  2.74 0.98     0.88
V77     7 215  3.48  0.54   3.40    3.43  0.50 2.62  5.36  2.74 0.98     0.87
V78     8 215  3.46  0.54   3.38    3.41  0.51 2.60  5.34  2.74 0.97     0.85
V79     9 215  3.44  0.54   3.37    3.39  0.51 2.59  5.33  2.74 0.97     0.84
V80    10 215  3.42  0.54   3.35    3.37  0.51 2.57  5.32  2.75 0.97     0.83
V81    11 215  3.41  0.54   3.33    3.35  0.52 2.55  5.31  2.76 0.96     0.82
V82    12 215  3.39  0.54   3.30    3.34  0.52 2.53  5.30  2.76 0.96     0.80
V83    13 215  3.37  0.54   3.28    3.32  0.52 2.51  5.28  2.77 0.95     0.79
V84    14 215  3.35  0.54   3.26    3.30  0.52 2.50  5.27  2.78 0.95     0.78
V85    15 215  3.33  0.54   3.23    3.28  0.52 2.48  5.26  2.78 0.94     0.77
V86    16 215  3.31  0.54   3.21    3.26  0.52 2.46  5.24  2.78 0.94     0.75
V87    17 215  3.28  0.54   3.18    3.23  0.52 2.44  5.22  2.78 0.93     0.74
V88    18 215  3.26  0.54   3.16    3.21  0.52 2.42  5.20  2.78 0.93     0.72
V89    19 215  3.24  0.54   3.13    3.19  0.52 2.40  5.18  2.78 0.93     0.71
V90    20 215  3.22  0.54   3.11    3.17  0.52 2.38  5.16  2.78 0.92     0.70
V91    21 215  3.20  0.54   3.09    3.15  0.52 2.36  5.14  2.79 0.92     0.69
V92    22 215  3.18  0.54   3.08    3.13  0.52 2.34  5.13  2.79 0.91     0.68
V93    23 215  3.16  0.54   3.06    3.11  0.52 2.32  5.11  2.79 0.91     0.66
V94    24 215  3.14  0.54   3.04    3.09  0.52 2.30  5.10  2.79 0.91     0.65
V95    25 215  3.12  0.54   3.01    3.07  0.51 2.28  5.08  2.80 0.90     0.64
V96    26 215  3.10  0.54   2.99    3.05  0.51 2.26  5.06  2.80 0.90     0.63
V97    27 215  3.08  0.54   2.97    3.03  0.51 2.24  5.04  2.80 0.90     0.62
V98    28 215  3.06  0.54   2.95    3.01  0.51 2.22  5.02  2.79 0.90     0.61
V99    29 215  3.04  0.54   2.94    2.99  0.51 2.21  4.99  2.79 0.89     0.60
V100   30 215  3.02  0.54   2.92    2.98  0.51 2.19  4.97  2.78 0.89     0.59
fat    31 215 18.14 12.74  14.00   16.70 11.27 0.90 49.10 48.20 0.80    -0.45
       se
V71  0.04
V72  0.04
V73  0.04
V74  0.04
V75  0.04
V76  0.04
V77  0.04
V78  0.04
V79  0.04
V80  0.04
V81  0.04
V82  0.04
V83  0.04
V84  0.04
V85  0.04
V86  0.04
V87  0.04
V88  0.04
V89  0.04
V90  0.04
V91  0.04
V92  0.04
V93  0.04
V94  0.04
V95  0.04
V96  0.04
V97  0.04
V98  0.04
V99  0.04
V100 0.04
fat  0.87
> 
> ##---------------------------------------------##
> 
> library(faraway)
> library(psych)
> library(QuantPsyc)
> library(MASS)
> 
> hw13 <- meatspec[,-(1:70)]
> hw13 <- data.frame(hw13)  
> describe(hw13)
     vars   n  mean    sd median trimmed   mad  min   max range skew kurtosis
V71     1 215  3.57  0.55   3.50    3.52  0.48 2.70  5.43  2.73 0.99     0.92
V72     2 215  3.56  0.55   3.49    3.51  0.48 2.69  5.42  2.73 0.99     0.91
V73     3 215  3.55  0.55   3.48    3.49  0.48 2.68  5.41  2.73 0.99     0.90
V74     4 215  3.53  0.55   3.46    3.48  0.49 2.66  5.40  2.73 0.99     0.90
V75     5 215  3.51  0.54   3.45    3.46  0.49 2.65  5.38  2.74 0.98     0.89
V76     6 215  3.50  0.54   3.43    3.44  0.50 2.63  5.37  2.74 0.98     0.88
V77     7 215  3.48  0.54   3.40    3.43  0.50 2.62  5.36  2.74 0.98     0.87
V78     8 215  3.46  0.54   3.38    3.41  0.51 2.60  5.34  2.74 0.97     0.85
V79     9 215  3.44  0.54   3.37    3.39  0.51 2.59  5.33  2.74 0.97     0.84
V80    10 215  3.42  0.54   3.35    3.37  0.51 2.57  5.32  2.75 0.97     0.83
V81    11 215  3.41  0.54   3.33    3.35  0.52 2.55  5.31  2.76 0.96     0.82
V82    12 215  3.39  0.54   3.30    3.34  0.52 2.53  5.30  2.76 0.96     0.80
V83    13 215  3.37  0.54   3.28    3.32  0.52 2.51  5.28  2.77 0.95     0.79
V84    14 215  3.35  0.54   3.26    3.30  0.52 2.50  5.27  2.78 0.95     0.78
V85    15 215  3.33  0.54   3.23    3.28  0.52 2.48  5.26  2.78 0.94     0.77
V86    16 215  3.31  0.54   3.21    3.26  0.52 2.46  5.24  2.78 0.94     0.75
V87    17 215  3.28  0.54   3.18    3.23  0.52 2.44  5.22  2.78 0.93     0.74
V88    18 215  3.26  0.54   3.16    3.21  0.52 2.42  5.20  2.78 0.93     0.72
V89    19 215  3.24  0.54   3.13    3.19  0.52 2.40  5.18  2.78 0.93     0.71
V90    20 215  3.22  0.54   3.11    3.17  0.52 2.38  5.16  2.78 0.92     0.70
V91    21 215  3.20  0.54   3.09    3.15  0.52 2.36  5.14  2.79 0.92     0.69
V92    22 215  3.18  0.54   3.08    3.13  0.52 2.34  5.13  2.79 0.91     0.68
V93    23 215  3.16  0.54   3.06    3.11  0.52 2.32  5.11  2.79 0.91     0.66
V94    24 215  3.14  0.54   3.04    3.09  0.52 2.30  5.10  2.79 0.91     0.65
V95    25 215  3.12  0.54   3.01    3.07  0.51 2.28  5.08  2.80 0.90     0.64
V96    26 215  3.10  0.54   2.99    3.05  0.51 2.26  5.06  2.80 0.90     0.63
V97    27 215  3.08  0.54   2.97    3.03  0.51 2.24  5.04  2.80 0.90     0.62
V98    28 215  3.06  0.54   2.95    3.01  0.51 2.22  5.02  2.79 0.90     0.61
V99    29 215  3.04  0.54   2.94    2.99  0.51 2.21  4.99  2.79 0.89     0.60
V100   30 215  3.02  0.54   2.92    2.98  0.51 2.19  4.97  2.78 0.89     0.59
fat    31 215 18.14 12.74  14.00   16.70 11.27 0.90 49.10 48.20 0.80    -0.45
       se
V71  0.04
V72  0.04
V73  0.04
V74  0.04
V75  0.04
V76  0.04
V77  0.04
V78  0.04
V79  0.04
V80  0.04
V81  0.04
V82  0.04
V83  0.04
V84  0.04
V85  0.04
V86  0.04
V87  0.04
V88  0.04
V89  0.04
V90  0.04
V91  0.04
V92  0.04
V93  0.04
V94  0.04
V95  0.04
V96  0.04
V97  0.04
V98  0.04
V99  0.04
V100 0.04
fat  0.87
> 
> lmod <- lm(fat ~ .,data=hw13) 
> summary(lmod) 

Call:
lm(formula = fat ~ ., data = hw13)

Residuals:
    Min      1Q  Median      3Q     Max 
-8.0357 -1.4678  0.3103  1.5222  6.4715 

Coefficients:
              Estimate Std. Error t value Pr(>|t|)    
(Intercept)      9.823      2.188   4.490 1.26e-05 ***
V71          -3921.172   3224.820  -1.216   0.2256    
V72            731.281   7591.507   0.096   0.9234    
V73          11543.989   7436.369   1.552   0.1223    
V74           -179.232   6124.520  -0.029   0.9767    
V75          -8701.710   5861.309  -1.485   0.1394    
V76          -6430.361   6308.965  -1.019   0.3094    
V77          13160.294   6661.414   1.976   0.0497 *  
V78          -8212.893   7458.098  -1.101   0.2722    
V79          -6447.590   8554.289  -0.754   0.4520    
V80           6776.539  10415.041   0.651   0.5161    
V81           4472.380  12787.741   0.350   0.7269    
V82         -11821.155  15154.779  -0.780   0.4364    
V83          25875.888  15321.815   1.689   0.0929 .  
V84         -27064.955  16923.161  -1.599   0.1115    
V85          -6320.042  18417.344  -0.343   0.7319    
V86          49172.515  19843.351   2.478   0.0141 *  
V87         -45000.137  22777.631  -1.976   0.0497 *  
V88          -1024.669  18931.399  -0.054   0.9569    
V89          32370.905  14377.180   2.252   0.0255 *  
V90         -18428.936  16457.719  -1.120   0.2643    
V91           1230.776  21579.323   0.057   0.9546    
V92          -6766.616  20817.074  -0.325   0.7455    
V93          11442.723  14613.898   0.783   0.4346    
V94         -26177.646  13598.360  -1.925   0.0558 .  
V95          23972.405  13675.234   1.753   0.0813 .  
V96           6503.998  12512.017   0.520   0.6038    
V97         -21146.354  11904.851  -1.776   0.0773 .  
V98          16015.747  11474.695   1.396   0.1645    
V99          -6026.444  10011.404  -0.602   0.5479    
V100           401.714   4008.191   0.100   0.9203    
---
Signif. codes:  0 ‘***’ 0.001 ‘**’ 0.01 ‘*’ 0.05 ‘.’ 0.1 ‘ ’ 1

Residual standard error: 2.751 on 184 degrees of freedom
Multiple R-squared:  0.9599,    Adjusted R-squared:  0.9534 
F-statistic: 146.9 on 30 and 184 DF,  p-value: < 2.2e-16

> 
> rgmod <- lm.ridge(fat ~ .,data=hw13, lambda = seq(0, 1e-07, len=21))
> matplot(rgmod$lambda, coef(rgmod), type="l", xlab=expression(lambda),ylab=expression(hat(beta)),col=1)
> which.min(rgmod$GCV)  #use the generalized cross validation (GCV) estimate
9.0e-08 
     19 
> abline(v=9.0e-08)
> 
> rgmod$coef       #prints out the coefficients
          0.0e+00     5.0e-09     1.0e-08      1.5e-08     2.0e-08     2.5e-08
V71   -2133.89336  -2188.9962  -2221.2390  -2240.71230  -2252.4137  -2259.0896
V72     397.84564    666.0774    834.7429    948.03096   1027.8539   1086.2184
V73    6278.75314   5851.6990   5585.8393   5408.95458   5285.1337   5194.7186
V74     -97.46188    113.2580    215.3569    260.34318    273.4326    268.1504
V75   -4730.40730  -4576.9625  -4434.0020  -4303.76974  -4185.8794  -4079.2381
V76   -3494.13637  -3513.9139  -3525.9216  -3531.22871  -3531.3434  -3527.5221
V77    7148.41079   6740.3456   6396.4498   6099.13146   5837.7197   5605.0370
V78   -4459.78645  -4196.9025  -3931.4621  -3679.29090  -3444.8602  -3228.6593
V79   -3501.05311  -3241.5153  -3064.2972  -2933.60864  -2832.1308  -2750.4048
V80    3680.05653   3187.7198   2770.5904   2411.26900   2098.0808   1822.6410
V81    2429.45786   2408.0309   2422.2736   2454.15393   2494.5216   2538.3754
V82   -6423.71977  -5433.1325  -4637.2484  -3984.12195  -3438.9886  -2977.6374
V83   14066.10804  12757.5071  11618.4089  10631.99909   9774.6470   9024.8279
V84  -14715.72394 -14123.2468 -13488.5427 -12881.64337 -12321.9146 -11812.0212
V85   -3435.92974  -2391.1994  -1752.8388  -1323.54453  -1014.2070   -779.5465
V86   26718.97881  23504.0044  21237.2672  19525.66180  18171.7829  17064.5492
V87  -24428.70491 -20430.1418 -17648.2957 -15587.62157 -13993.0778 -12718.7830
V88    -555.59951  -2546.2782  -3780.5821  -4583.42838  -5120.4119  -5484.5400
V89   17532.74469  16878.2366  16201.1232  15545.35995  14926.5098  14348.9489
V90   -9973.09526  -8730.9114  -7731.6649  -6911.90267  -6227.5310  -5647.6452
V91     665.70725    417.4961    178.4811    -23.67329   -188.3936   -321.1280
V92   -3658.67761  -3801.7850  -3835.8443  -3829.96347  -3808.7151  -3781.7108
V93    6184.95662   5509.6002   4965.9839   4515.33185   4132.6948   3801.6066
V94  -14142.69738 -12623.5265 -11466.1973 -10537.51433  -9766.2748  -9110.0459
V95   12942.10008  11540.7628  10497.9989   9679.68974   9014.3947   8459.5871
V96    3507.63424   3829.9868   4026.7415   4147.14795   4217.9046   4254.9957
V97  -11386.75699 -10775.9204 -10252.0815  -9788.59323  -9371.1568  -8990.9434
V98    8605.76796   8210.4892   7824.0611   7458.58087   7117.0993   6799.4272
V99   -3229.31385  -3420.2720  -3490.7023  -3501.43496  -3480.5887  -3442.5422
V100    214.55856    385.6081    491.7155    562.50919    612.2215    648.4817
         3.0e-08     3.5e-08     4.0e-08     4.5e-08    5.0e-08     5.5e-08
V71   -2262.3647  -2263.2554  -2262.4260  -2260.3267 -2257.2718 -2253.48647
V72    1130.1878   1164.1467   1190.9341   1212.4532  1230.0172  1244.55452
V73    5126.1935   5072.4623   5028.9775   4992.7323  4961.6872  4934.42961
V74     252.2133    230.2169    204.9806    178.2672   151.1897   124.45040
V75   -3982.6342  -3894.9232  -3815.0809  -3742.2100 -3675.5304 -3614.36506
V76   -3520.7155  -3511.6278  -3500.7821  -3488.5708 -3475.2925 -3461.17705
V77    5395.9331   5206.5478   5033.8961   4875.6143  4729.7957  4594.87844
V78   -3029.7385  -2846.6774  -2677.9710  -2522.1836 -2378.0049 -2244.26289
V79   -2682.7813  -2625.6475  -2576.5667  -2533.8242 -2496.1718 -2462.67486
V80    1578.6445   1361.1959   1166.4052    991.1259   832.7768   689.21564
V81    2582.8776   2626.3985   2668.0127   2707.2181  2743.7718  2777.59043
V82   -2582.6501  -2241.1514  -1943.4045  -1681.9011 -1450.7540 -1245.27872
V83    8364.6544   7779.6349   7258.0807   6790.5307  6369.2760  5987.98664
V84  -11349.0004 -10928.2259 -10544.8816 -10194.4942 -9873.0935 -9577.22601
V85    -594.4366   -443.9360   -318.6453   -212.3679  -120.8529   -41.08265
V86   16136.1002  15342.3195  14653.0968  14047.0639 13508.5639 13025.81555
V87  -11674.7572 -10802.2578 -10061.1937  -9423.2077 -8867.6426 -8379.07450
V88   -5731.7677  -5897.5335  -6005.1977  -6070.6594 -6105.0267 -6116.23130
V89   13812.3798  13314.5686  12852.5693  12423.2852 12023.7256 11651.11426
V90   -5150.0838  -4718.5686  -4340.8756  -4007.6424 -3711.5731 -3446.89495
V91    -427.8918   -513.9087   -583.4047   -639.7156  -685.4552  -722.67275
V92   -3752.9236  -3724.0291  -3695.7166  -3668.2398 -3641.6589 -3615.95042
V93    3510.8095   3252.3348   3020.3603   2810.5114  2619.4194  2444.43422
V94   -8541.5124  -8042.0485  -7598.3760  -7200.6880 -6841.5308 -6515.10325
V95    7987.9231   7580.8034   7225.0257   6910.8985  6631.1136  6380.03575
V96    4268.6384   4265.6676   4250.8087   4227.4104  4197.8909  4164.02272
V97   -8641.9294  -8319.7000  -8020.8487  -7742.6474 -7482.8512 -7239.57551
V98    6504.1945   6229.6539   5974.0107   5735.5576  5512.7247  5304.09238
V99   -3395.1725  -3343.0064  -3288.7307  -3233.9717 -3179.7209 -3126.57855
V100    675.7161    696.6511    713.0470    726.0845   736.5804   745.11524
         6.0e-08     6.5e-08     7.0e-08     7.5e-08      8.0e-08     8.5e-08
V71  -2249.13572 -2244.34277 -2239.20129 -2233.78358 -2228.146187 -2222.33393
V72   1256.73608  1267.05572  1275.88318  1283.49948  1290.121180  1295.91725
V73   4909.96367  4887.57701  4866.75365  4847.11592  4828.385027  4810.35365
V74     98.48747    73.56587    49.83632    27.37364     6.202196   -13.68690
V75  -3558.12587 -3506.30087 -3458.44292 -3414.16028 -3373.108542 -3334.98391
V76  -3446.40416 -3431.11598 -3415.42623 -3399.42685 -3383.192830 -3366.78586
V77   4469.56700  4352.77490  4243.58239  4141.20435  4044.965634  3954.28177
V78  -2119.91957 -2004.05937 -1895.87550 -1794.65656 -1699.774180 -1610.67205
V79  -2432.61757 -2405.44074 -2380.70041 -2358.03915 -2337.165633 -2317.83990
V80    558.64666   439.55197   330.63871   230.79836   139.074705    54.63843
V81   2808.68908  2837.14251  2863.06047  2886.57180  2907.814169  2926.92753
V82  -1061.69985  -896.94009  -748.46556  -614.17084  -492.292122  -381.34076
V83   5641.42320  5325.21547  5035.69098  4769.74211  4524.722027  4298.36265
V84  -9303.91292 -9050.59209 -8815.05878 -8595.41188 -8390.007127 -8197.41743
V85     29.14934    91.49842   147.23492   197.35324   242.645433   283.75224
V86  12589.75314 12193.26536 11830.68115 11497.41245 11189.700152 10904.42973
V87  -7945.74216 -7558.51331 -7210.18400 -6894.99191 -6608.270699 -6346.19965
V88  -6110.04145 -6090.71801 -6061.45056 -6024.65414 -5982.175425 -5935.43831
V89  11302.92653 10976.89197 10670.98038 10383.38126 10112.481301  9856.84241
V90  -3208.97808 -2994.06430 -2799.07013 -2621.44102 -2459.042061 -2310.07482
V91   -752.98097  -777.65606  -797.71421  -813.96972  -827.079197  -837.57532
V92  -3591.05830 -3566.91697 -3543.46190 -3520.63389 -3498.380356 -3476.65536
V93   2283.43182  2134.68196  1996.75511  1868.45546  1748.771783  1636.84067
V94  -6216.79974 -5942.90161 -5690.36256 -5456.65552 -5239.661025 -5037.58421
V95   6153.23761  5947.18501  5759.01743  5586.39146  5427.366698  5280.32103
V96   4127.11953  4088.16385  4047.89512  4006.87229  3965.518880  3924.15579
V97  -7011.21366 -6796.37982 -6593.86723 -6402.61706 -6221.694268 -6050.26867
V98   5108.38719  4924.47087  4751.32720  4588.04864  4433.823696  4287.92559
V99  -3074.89905 -3024.87933 -2976.61483 -2930.13524 -2885.427891 -2842.45315
V100   752.11085   757.87985   762.65790   766.62542   769.922385   772.65876
         9.0e-08     9.5e-08     1.0e-07
V71  -2216.38270 -2210.32155 -2204.17418
V72   1301.02109  1305.53914  1309.55721
V73   4792.86676  4775.80793  4759.08940
V74    -32.32420   -49.75393   -66.02854
V75  -3299.51754 -3266.47074 -3235.63098
V76  -3350.25705 -3333.64896 -3316.99728
V77   3868.64374  3787.60580  3710.77563
V78  -1526.85639 -1447.88772 -1373.37374
V79  -2299.86243 -2283.06595 -2267.30919
V80    -23.23338   -95.17371  -161.73924
V81   2944.04990  2959.31481  2972.84978
V82   -280.05179  -187.34362  -102.28613
V83   4088.70940  3894.06897  3712.96717
V84  -8016.39950 -7845.86606 -7684.86262
V85    321.19911   355.42215   386.78732
V86  10638.99490 10391.19512 10159.15746
V87  -6105.61935 -5883.89372 -5678.80534
V88  -5885.54860 -5833.37019 -5779.58128
V89   9615.18121  9386.35059  9169.32329
V90  -2173.01326 -2046.55386 -1929.57635
V91   -845.89269  -852.38784  -857.35475
V92  -3455.41907 -3434.63699 -3414.27923
V93   1531.91869  1433.36082  1340.60367
V94  -4848.89198 -4672.26475 -4506.55887
V95   5143.88675  5016.90174  4898.37156
V96   3883.02564  3842.31096  3802.14786
V97  -5887.59971 -5733.02399 -5585.94509
V98   4149.70210  4018.56662  3893.99044
V99  -2801.15474 -2761.46664 -2723.31774
V100   774.92191   776.78197   778.29579
> rgmod$coef[,19]  #prints out the coefficients at 9.0e-08
        V71         V72         V73         V74         V75         V76 
-2216.38270  1301.02109  4792.86676   -32.32420 -3299.51754 -3350.25705 
        V77         V78         V79         V80         V81         V82 
 3868.64374 -1526.85639 -2299.86243   -23.23338  2944.04990  -280.05179 
        V83         V84         V85         V86         V87         V88 
 4088.70940 -8016.39950   321.19911 10638.99490 -6105.61935 -5885.54860 
        V89         V90         V91         V92         V93         V94 
 9615.18121 -2173.01326  -845.89269 -3455.41907  1531.91869 -4848.89198 
        V95         V96         V97         V98         V99        V100 
 5143.88675  3883.02564 -5887.59971  4149.70210 -2801.15474   774.92191 
> ##-------------End of Program-----------------##
> 
> dev.off()
null device 
          1 
> 
